--------- beginning of main
10-17 05:24:09.175 W/HWUI    ( 1151): Failed to choose config with EGL_SWAP_BEHAVIOR_PRESERVED, retrying without...
10-17 05:24:09.175 W/HWUI    ( 1151): Failed to initialize 101010-2 format, error = EGL_SUCCESS
10-17 05:24:09.192 I/gle.android.gms( 1596): AssetManager2(0x752f27b02898) locale list changing from [] to [en-US]
10-17 05:24:09.193 I/NotificationListener( 1151): Handling notification state refresh for com.android.systemui#0
10-17 05:24:09.201 I/NotificationListener( 1151): Handling notification state refresh for android#0
10-17 05:24:09.201 D/SsBaseTemplateCard( 1151): No text view can be set up
10-17 05:24:09.201 D/SsBaseTemplateCard( 1151): Passed-in item info is null
10-17 05:24:09.201 D/SsBaseTemplateCard( 1151): Passed-in item info is null
10-17 05:24:09.201 D/SsBaseTemplateCard( 1151): Passed-in item info is null
10-17 05:24:09.201 I/SsBaseTemplateCard( 1151): Secondary card pane is null
--------- beginning of system
10-17 05:24:09.201 D/ActivityThread( 1151): Package [com.tuusuario.pinterestfeed.debug] reported as REPLACED, but missing application info. Assuming REMOVED.
10-17 05:24:09.201 I/Choreographer( 1151): Skipped 72 frames!  The application may be doing too much work on its main thread.
10-17 05:24:09.201 D/ActivityThread( 1151): Package [com.tuusuario.pinterestfeed.debug] reported as REPLACED, but missing application info. Assuming REMOVED.
10-17 05:24:09.202 W/SplitSelectStateCtor( 1151): Missing session instanceIds
10-17 05:24:09.202 D/StatsLog( 1151): LAUNCHER_SPLIT_SELECTION_EXIT_INTERRUPTED
10-17 05:24:09.203 D/WindowManagerShell(  995): setLauncherKeepClearAreaHeight: visible=false, height=527
10-17 05:24:09.209 I/Auth    ( 1596): (REDACTED) [SupervisedAccountIntentOperationV2] onHandleIntent: %s
10-17 05:24:09.220 I/gle.android.gms( 1596): AssetManager2(0x752f27b08c98) locale list changing from [] to [en-US]
10-17 05:24:09.221 I/NearbyDiscovery( 1596): (REDACTED) processGrantSlicePermission: %s
10-17 05:24:09.222 D/BoundBrokerSvc( 1596): onBind: Intent { act=com.google.android.gms.common.BIND_SHARED_PREFS xflg=0x4 pkg=com.google.android.gms }
10-17 05:24:09.223 D/BoundBrokerSvc( 1596): Loading bound service for intent: Intent { act=com.google.android.gms.common.BIND_SHARED_PREFS xflg=0x4 pkg=com.google.android.gms }
10-17 05:24:09.230 W/SQLiteLog( 1596): (28) double-quoted string literal: "com.tuusuario.pinterestfeed.debug"
10-17 05:24:09.252 I/Choreographer(  995): Skipped 52 frames!  The application may be doing too much work on its main thread.
10-17 05:24:09.255 V/WindowManagerShell(  995): onTransitionReady(transaction=3161095930537)
10-17 05:24:09.255 V/WindowManagerShell(  995): onTransitionReady (#22) android.os.BinderProxy@608d047: {id=22 t=CLOSE f=0x0 trk=0 r=[0@Point(0, 0)] c=[
10-17 05:24:09.255 V/WindowManagerShell(  995):         {m=OPEN f=MOVE_TO_TOP leash=Surface(name=Task=57)/@0x5afebe sb=Rect(0, 0 - 1080, 2400) eb=Rect(0, 0 - 1080, 2400) epz=Point(1080, 2400) d=0 taskParent=-1},
10-17 05:24:09.255 V/WindowManagerShell(  995):         {m=CLOSE f=NONE leash=Surface(name=Task=56)/@0x5508b1f sb=Rect(0, 0 - 1080, 2400) eb=Rect(0, 0 - 1080, 2400) epz=Point(1080, 2400) d=0 taskParent=-1}
10-17 05:24:09.255 V/WindowManagerShell(  995):     ]}
10-17 05:24:09.256 V/WindowManagerShell(  995): Playing animation for (#22) android.os.BinderProxy@608d047@0
10-17 05:24:09.256 V/ShellRecents(  995): RecentsTransitionHandler.startAnimation: no controller found
10-17 05:24:09.256 V/WindowManagerShell(  995): Transition doesn't have explicit remote, search filters for match for {id=22 t=CLOSE f=0x0 trk=0 r=[0@Point(0, 0)] c=[{m=OPEN f=MOVE_TO_TOP leash=Surface(name=Task=57)/@0x5afebe sb=Rect(0, 0 - 1080, 2400) eb=Rect(0, 0 - 1080, 2400) epz=Point(1080, 2400) d=0 taskParent=-1},{m=CLOSE f=NONE leash=Surface(name=Task=56)/@0x5508b1f sb=Rect(0, 0 - 1080, 2400) eb=Rect(0, 0 - 1080, 2400) epz=Point(1080, 2400) d=0 taskParent=-1}]}
10-17 05:24:09.256 V/WindowManagerShell(  995):  Checking filter Pair{{types=[] flags=0x0] notFlags=0x0 checks=[{atype=undefined independent=true modes=[CLOSE,TO_BACK] flags=IN_TASK_WITH_EMBEDDED_ACTIVITY mustBeTask=false order=ANY topActivity=null launchCookie=null taskFragmentToken=android.os.BinderProxy@adf52a3 windowingMode=undefined}]} RemoteTransition { remoteTransition = android.window.IRemoteTransition$Stub$Proxy@95609a0, appThread = android.app.IApplicationThread$Stub$Proxy@2510959, debugName = overlayBackTransition }}
10-17 05:24:09.256 V/WindowManagerShell(  995):  Checking filter Pair{{types=[] flags=0x0] notFlags=0x0 checks=[{atype=dream independent=true modes=[OPEN,TO_FRONT] flags=NONE mustBeTask=false order=ANY topActivity=null launchCookie=null windowingMode=undefined},{atype=home independent=true modes=[CLOSE,TO_BACK] flags=NONE mustBeTask=false order=ANY topActivity=null launchCookie=null windowingMode=undefined}]} RemoteTransition { remoteTransition = android.window.IRemoteTransition$Stub$Proxy@130491e, appThread = android.app.IApplicationThread$Stub$Proxy@30a75ff, debugName = LauncherToDream }}
10-17 05:24:09.256 V/WindowManagerShell(  995):  Checking filter Pair{{types=[] flags=0x0] notFlags=0x100 checks=[{atype=home independent=true modes=[OPEN,TO_FRONT] flags=NONE mustBeTask=false order=TOP topActivity=ComponentInfo{com.google.android.apps.nexuslauncher/com.google.android.apps.nexuslauncher.NexusLauncherActivity} launchCookie=null windowingMode=undefined},{atype=standard independent=true modes=[CLOSE,TO_BACK] flags=NONE mustBeTask=false order=ANY topActivity=null launchCookie=null windowingMode=undefined},{NOT atype=undefined independent=true modes=[] flags=NONE mustBeTask=true order=ANY topActivity=null launchCookie=null customAnim=true windowingMode=undefined}]} RemoteTransition { remoteTransition = android.window.IRemoteTransition$Stub$Proxy@da21fcc, appThread = android.app.IApplicationThread$Stub$Proxy@77fe215, debugName = QuickstepLaunchHome }}
10-17 05:24:09.256 V/WindowManagerShell(  995):  Delegate animation for (#22) to null
10-17 05:24:09.256 V/WindowManagerShell(  995): start default transition animation, info = {id=22 t=CLOSE f=0x0 trk=0 r=[0@Point(0, 0)] c=[{m=OPEN f=MOVE_TO_TOP leash=Surface(name=Task=57)/@0x5afebe sb=Rect(0, 0 - 1080, 2400) eb=Rect(0, 0 - 1080, 2400) epz=Point(1080, 2400) d=0 taskParent=-1},{m=CLOSE f=NONE leash=Surface(name=Task=56)/@0x5508b1f sb=Rect(0, 0 - 1080, 2400) eb=Rect(0, 0 - 1080, 2400) epz=Point(1080, 2400) d=0 taskParent=-1}]}
10-17 05:24:09.291 I/.apps.wellbeing( 1614): AssetManager2(0x752f27b0e0f8) locale list changing from [] to [en-US]
10-17 05:24:09.296 I/.apps.wellbeing( 1614): AssetManager2(0x752f27b21c98) locale list changing from [] to [en-US]
10-17 05:24:09.299 I/Icing   ( 1596): IndexChimeraService.getServiceInterface callingPackage=com.google.android.gms componentName=AppsCorpus serviceId=36
10-17 05:24:09.299 I/.apps.wellbeing( 1614): AssetManager2(0x752f27b25b18) locale list changing from [] to [en-US]
10-17 05:24:09.303 I/.apps.wellbeing( 1614): AssetManager2(0x752f27b08338) locale list changing from [] to [en-US]
10-17 05:24:09.305 V/WindowManagerShell(  995): loadAnimation: anim=android.view.animation.AnimationSet@a7cba3b animAttr=0xb type=CLOSE isEntrance=false
10-17 05:24:09.305 I/ndroid.systemui(  995): AssetManager2(0x752f27b36198) locale list changing from [] to [en-US]
10-17 05:24:09.321 I/.apps.wellbeing( 1614): AssetManager2(0x752f27b21fb8) locale list changing from [] to [en-US]
10-17 05:24:09.324 I/.apps.wellbeing( 1614): AssetManager2(0x752f27b2a938) locale list changing from [] to [en-US]
10-17 05:24:09.325 I/.apps.wellbeing( 1614): AssetManager2(0x752f27b29fd8) locale list changing from [] to [en-US]
10-17 05:24:09.326 D/BoundBrokerSvc( 1596): onBind: Intent { act=com.google.android.gms.feedback.internal.IFeedbackService dat=chimera-action:/... xflg=0x4 cmp=com.google.android.gms/.chimera.GmsBoundBrokerService }
10-17 05:24:09.326 D/BoundBrokerSvc( 1596): Loading bound service for intent: Intent { act=com.google.android.gms.feedback.internal.IFeedbackService dat=chimera-action:/... xflg=0x4 cmp=com.google.android.gms/.chimera.GmsBoundBrokerService }
10-17 05:24:09.334 I/.apps.wellbeing( 1614): AssetManager2(0x752f27b2c878) locale list changing from [] to [en-US]
10-17 05:24:09.339 I/.apps.wellbeing( 1614): AssetManager2(0x752f27b2cb98) locale list changing from [] to [en-US]
10-17 05:24:09.349 D/BackgroundInstallControlService(  736): Package event received: 0
10-17 05:24:09.349 I/.apps.wellbeing( 1614): AssetManager2(0x752f27b2ac58) locale list changing from [] to [en-US]
10-17 05:24:09.352 I/.apps.wellbeing( 1614): AssetManager2(0x752f27b02898) locale list changing from [] to [en-US]
10-17 05:24:09.354 I/.apps.wellbeing( 1614): AssetManager2(0x752f27b26158) locale list changing from [] to [en-US]
10-17 05:24:09.354 I/.apps.wellbeing( 1614): AssetManager2(0x752f27b2d4f8) locale list changing from [] to [en-US]
10-17 05:24:09.354 I/Icing   ( 1596): Usage reports ok 1, Failed Usage reports 0, indexed 0, rejected 0
10-17 05:24:09.355 I/.apps.wellbeing( 1614): AssetManager2(0x752f27b26dd8) locale list changing from [] to [en-US]
10-17 05:24:09.355 I/Icing   ( 1596): IndexChimeraService.getServiceInterface callingPackage=com.google.android.gms componentName=null serviceId=30
10-17 05:24:09.356 I/.apps.wellbeing( 1614): AssetManager2(0x752f27aff378) locale list changing from [] to [en-US]
10-17 05:24:09.358 I/.apps.wellbeing( 1614): AssetManager2(0x752f27b28098) locale list changing from [] to [en-US]
10-17 05:24:09.359 I/.apps.wellbeing( 1614): AssetManager2(0x752f27b01f38) locale list changing from [] to [en-US]
10-17 05:24:09.360 I/.apps.wellbeing( 1614): AssetManager2(0x752f27b05138) locale list changing from [] to [en-US]
10-17 05:24:09.363 I/.apps.wellbeing( 1614): AssetManager2(0x752f27b063f8) locale list changing from [] to [en-US]
10-17 05:24:09.364 I/.apps.wellbeing( 1614): AssetManager2(0x752f27b044b8) locale list changing from [] to [en-US]
10-17 05:24:09.366 I/.apps.wellbeing( 1614): AssetManager2(0x752f27b047d8) locale list changing from [] to [en-US]
10-17 05:24:09.367 I/.apps.wellbeing( 1614): AssetManager2(0x752f27b270f8) locale list changing from [] to [en-US]
10-17 05:24:09.372 I/.apps.wellbeing( 1614): AssetManager2(0x752f27b283b8) locale list changing from [] to [en-US]
10-17 05:24:09.410 I/.apps.wellbeing( 1614): AssetManager2(0x752f27b2b298) locale list changing from [] to [en-US]
10-17 05:24:09.417 I/HWUI    (  995): Davey! duration=930ms; Flags=1, FrameTimelineVsyncId=29090, IntendedVsync=525654322108, Vsync=525654322108, InputEventId=0, HandleInputStart=525654967125, AnimationStart=525654967625, PerformTraversalsStart=525655007774, DrawStart=526454387497, FrameDeadline=525670988774, FrameStartTime=525654965468, FrameInterval=16666666, WorkloadTarget=16666666, SyncQueued=526454504386, SyncStart=526477932343, IssueDrawCommandsStart=526500018099, SwapBuffers=526505684127, FrameCompleted=526608076839, DequeueBufferDuration=1957, QueueBufferDuration=147548, GpuCompleted=526608076839, SwapBuffersCompleted=526548826684, DisplayPresentTime=0, CommandSubmissionCompleted=526505684127, 
10-17 05:24:09.418 I/.apps.wellbeing( 1614): AssetManager2(0x752f27b28d18) locale list changing from [] to [en-US]
10-17 05:24:09.419 I/gle.android.gms( 1596): AssetManager2(0x752f27b01f38) locale list changing from [] to [en-US]
10-17 05:24:09.421 I/.apps.wellbeing( 1614): AssetManager2(0x752f27b2d1d8) locale list changing from [] to [en-US]
10-17 05:24:09.423 I/.apps.wellbeing( 1614): AssetManager2(0x752f27b2c238) locale list changing from [] to [en-US]
10-17 05:24:09.424 I/.apps.wellbeing( 1614): AssetManager2(0x752f27b289f8) locale list changing from [] to [en-US]
10-17 05:24:09.428 I/.apps.wellbeing( 1614): AssetManager2(0x752f27b2c558) locale list changing from [] to [en-US]
10-17 05:24:09.429 I/.apps.wellbeing( 1614): AssetManager2(0x752f27b25e38) locale list changing from [] to [en-US]
10-17 05:24:09.437 I/.apps.wellbeing( 1614): AssetManager2(0x752f27b02bb8) locale list changing from [] to [en-US]
10-17 05:24:09.441 I/.apps.wellbeing( 1614): AssetManager2(0x752f27b00318) locale list changing from [] to [en-US]
10-17 05:24:09.442 I/Icing   ( 1596): Usage reports ok 0, Failed Usage reports 0, indexed 0, rejected 0
10-17 05:24:09.447 I/.apps.wellbeing( 1614): AssetManager2(0x752f27af98d8) locale list changing from [] to [en-US]
10-17 05:24:09.450 D/nativeloader( 5344): Configuring clns-9 for other apk /data/app/~~0LCE0i3yG7sQs6E3DMG5Iw==/com.tuusuario.pinterestfeed.debug-GMn__34r9-WtvSJDdyK15A==/base.apk. target_sdk_version=34, uses_libraries=, library_path=/data/app/~~0LCE0i3yG7sQs6E3DMG5Iw==/com.tuusuario.pinterestfeed.debug-GMn__34r9-WtvSJDdyK15A==/lib/x86_64:/data/app/~~0LCE0i3yG7sQs6E3DMG5Iw==/com.tuusuario.pinterestfeed.debug-GMn__34r9-WtvSJDdyK15A==/base.apk!/lib/x86_64, permitted_path=/data:/mnt/expand:/data/user/0/com.tuusuario.pinterestfeed.debug
10-17 05:24:09.451 I/.apps.wellbeing( 1614): AssetManager2(0x752f27af7358) locale list changing from [] to [en-US]
10-17 05:24:09.452 I/Icing   ( 1596): Indexing com.google.android.gms-apps from com.google.android.gms
10-17 05:24:09.454 I/erestfeed.debug( 5344): AssetManager2(0x752f27af7358) locale list changing from [] to [en-US]
10-17 05:24:09.454 I/.apps.wellbeing( 1614): AssetManager2(0x752f27affff8) locale list changing from [] to [en-US]
10-17 05:24:09.457 I/Icing   ( 1596): Indexing done com.google.android.gms-apps
10-17 05:24:09.458 V/GraphicsEnvironment( 5344): Currently set values for:
10-17 05:24:09.458 V/GraphicsEnvironment( 5344):   angle_gl_driver_selection_pkgs=[]
10-17 05:24:09.458 V/GraphicsEnvironment( 5344):   angle_gl_driver_selection_values=[]
10-17 05:24:09.458 V/GraphicsEnvironment( 5344): com.tuusuario.pinterestfeed.debug is not listed in per-application setting
10-17 05:24:09.459 V/GraphicsEnvironment( 5344): ANGLE allowlist from config: com.dreamgames.royalmatch com.dts.freefiremax com.dxx.firenow com.gramgames.mergedragons com.ludo.king com.mojang.minecraftpe com.my.defense com.nintendo.zaka com.os.airforce com.playrix.fishdomdd.gplay io.teslatech.callbreak jp.konami.prospia net.peakgames.toonblast
10-17 05:24:09.459 V/GraphicsEnvironment( 5344): com.tuusuario.pinterestfeed.debug is not listed in ANGLE allowlist or settings, returning default
10-17 05:24:09.459 V/GraphicsEnvironment( 5344): Neither updatable production driver nor prerelease driver is supported.
10-17 05:24:09.459 I/.apps.wellbeing( 1614): AssetManager2(0x752f27b11c58) locale list changing from [] to [en-US]
10-17 05:24:09.460 I/.apps.wellbeing( 1614): AssetManager2(0x752f27b07078) locale list changing from [] to [en-US]
10-17 05:24:09.462 I/.apps.wellbeing( 1614): AssetManager2(0x752f27b0b538) locale list changing from [] to [en-US]
10-17 05:24:09.471 I/.apps.wellbeing( 1614): AssetManager2(0x752f27b1e138) locale list changing from [] to [en-US]
10-17 05:24:09.476 W/HWUI    ( 1151): Image decoding logging dropped!
10-17 05:24:09.476 D/AlphabeticIndexCompat( 1151): computeSectionName: cs: PinterestFeed sectionName: P
10-17 05:24:09.476 D/AllAppsStore( 1151): setApps: apps.length=25
10-17 05:24:09.476 D/AllAppsStore( 1151): notifyUpdate: notifying listeners
10-17 05:24:09.476 D/ActivityAllAppsContainerView( 1151): onAppsUpdated; number of apps: 25
10-17 05:24:09.476 D/ActivityAllAppsContainerView( 1151): rebindAdapters: force: false
10-17 05:24:09.477 D/ActivityAllAppsContainerView( 1151): rebindAdapters: Not needed.
10-17 05:24:09.477 D/StatsLog( 1151): LAUNCHER_ALLAPPS_COUNT
10-17 05:24:09.477 D/AlphabeticalAppsList( 1151): Clearing FastScrollerSections.
10-17 05:24:09.477 D/AlphabeticalAppsList( 1151): Adding apps with sections. HasPrivateApps: false
10-17 05:24:09.477 D/AlphabeticalAppsList( 1151): addAppsWithSections: adding sectionName: C with appInfoTitle: Calendar
10-17 05:24:09.477 D/AlphabeticalAppsList( 1151): addAppsWithSections: adding sectionName: D with appInfoTitle: Drive
10-17 05:24:09.477 D/AlphabeticalAppsList( 1151): addAppsWithSections: adding sectionName: F with appInfoTitle: Files
10-17 05:24:09.477 D/AlphabeticalAppsList( 1151): addAppsWithSections: adding sectionName: G with appInfoTitle: Gmail
10-17 05:24:09.477 D/AlphabeticalAppsList( 1151): addAppsWithSections: adding sectionName: L with appInfoTitle: lab9
10-17 05:24:09.477 D/AlphabeticalAppsList( 1151): addAppsWithSections: adding sectionName: M with appInfoTitle: Maps
10-17 05:24:09.477 D/AlphabeticalAppsList( 1151): addAppsWithSections: adding sectionName: P with appInfoTitle: Phone
10-17 05:24:09.477 D/AlphabeticalAppsList( 1151): addAppsWithSections: adding sectionName: S with appInfoTitle: Safety
10-17 05:24:09.477 D/AlphabeticalAppsList( 1151): addAppsWithSections: adding sectionName: T with appInfoTitle: TMoble
10-17 05:24:09.477 D/AlphabeticalAppsList( 1151): addAppsWithSections: adding sectionName: V with appInfoTitle: Voice Access
10-17 05:24:09.477 D/AlphabeticalAppsList( 1151): addAppsWithSections: adding sectionName: Y with appInfoTitle: YouTube
10-17 05:24:09.477 D/AlphabeticalAppsList( 1151): Adding FastScrollSection duplicate to scroll to the bottom.
10-17 05:24:09.477 D/AlphabeticalAppsList( 1151): Clearing FastScrollerSections.
10-17 05:24:09.477 D/AlphabeticalAppsList( 1151): Adding apps with sections. HasPrivateApps: false
10-17 05:24:09.477 D/AlphabeticalAppsList( 1151): addAppsWithSections: adding sectionName: C with appInfoTitle: Calendar
10-17 05:24:09.477 D/AlphabeticalAppsList( 1151): addAppsWithSections: adding sectionName: D with appInfoTitle: Drive
10-17 05:24:09.477 D/AlphabeticalAppsList( 1151): addAppsWithSections: adding sectionName: F with appInfoTitle: Files
10-17 05:24:09.477 D/AlphabeticalAppsList( 1151): addAppsWithSections: adding sectionName: G with appInfoTitle: Gmail
10-17 05:24:09.477 D/AlphabeticalAppsList( 1151): addAppsWithSections: adding sectionName: L with appInfoTitle: lab9
10-17 05:24:09.477 D/AlphabeticalAppsList( 1151): addAppsWithSections: adding sectionName: M with appInfoTitle: Maps
10-17 05:24:09.477 D/AlphabeticalAppsList( 1151): addAppsWithSections: adding sectionName: P with appInfoTitle: Phone
10-17 05:24:09.477 D/AlphabeticalAppsList( 1151): addAppsWithSections: adding sectionName: S with appInfoTitle: Safety
10-17 05:24:09.477 D/AlphabeticalAppsList( 1151): addAppsWithSections: adding sectionName: T with appInfoTitle: TMoble
10-17 05:24:09.477 D/AlphabeticalAppsList( 1151): addAppsWithSections: adding sectionName: V with appInfoTitle: Voice Access
10-17 05:24:09.477 D/AlphabeticalAppsList( 1151): addAppsWithSections: adding sectionName: Y with appInfoTitle: YouTube
10-17 05:24:09.477 D/AlphabeticalAppsList( 1151): Adding FastScrollSection duplicate to scroll to the bottom.
10-17 05:24:09.479 V/WindowManager(  736): Sent Transition (#22) createdAt=10-17 05:24:07.954 via request=TransitionRequestInfo { type = CLOSE, triggerTask = TaskInfo{userId=0 taskId=56 effectiveUid=10218 displayId=0 isRunning=false baseIntent=Intent { act=android.intent.action.MAIN cat=[android.intent.category.LAUNCHER] flg=0x10000000 cmp=com.tuusuario.pinterestfeed.debug/com.tuusuario.pinterestfeed.MainActivity } baseActivity=null topActivity=null origActivity=null realActivity=ComponentInfo{com.tuusuario.pinterestfeed.debug/com.tuusuario.pinterestfeed.MainActivity} numActivities=0 lastActiveTime=382998 supportsMultiWindow=true resizeMode=1 isResizeable=true minWidth=-1 minHeight=-1 defaultMinSize=220 token=WCT{RemoteToken{323bd94 Task{3bd0c2b #56 type=standard A=10218:com.tuusuario.pinterestfeed.debug}}} topActivityType=1 pictureInPictureParams=null shouldDockBigOverlays=false launchIntoPipHostTaskId=-1 lastParentTaskIdBeforePip=-1 displayCutoutSafeInsets=Rect(0, 0 - 0, 0) topActivityInfo=null launchCookies=[] positionInParent=Point(0, 0) parentTaskId=-1 isFocused=true isVisible=true isVisibleRequested=true isTopActivityNoDisplay=false isSleeping=false locusId=null displayAreaFeatureId=1 isTopActivityTransparent=false isActivityStackTransparent=true lastNonFullscreenBounds=Rect(284, 660 - 796, 1740) capturedLink=null capturedLinkTimestamp=0 requestedVisibleTypes=-9 topActivityRequestOpenInBrowserEducationTimestamp=0 appCompatTaskInfo=AppCompatTaskInfo { topActivityInSizeCompat=false eligibleForLetterboxEducation= false isLetterboxEducationEnabled= false isLetterboxDoubleTapEnabled= false eligibleForUserAspectRatioButton= false topActivityBoundsLetterboxed= false isFromLetterboxDoubleTap= false topActivityLetterboxVerticalPosition= -1 topActivityLetterboxHorizontalPosition= -1 topActivityLetterboxWidth=-1 topActivityLetterboxHeight=-1 topActivityAppBounds=Rect(0, 0 - 0, 0) isUserFullscreenOverrideEnabled=false isSystemFullscreenOverrideEnabled=false hasMinAspectRatioOverride=false topActivityLetterboxBounds=null cameraCompatTaskInfo=CameraCompatTaskInfo { freeformCameraCompatMode=undefined}} topActivityMainWindowFrame=null}, pipChange = null, remoteTransition = null, displayChange = null, flags = 0, debugId = 22 }
10-17 05:24:09.479 V/WindowManager(  736):     startWCT=WindowContainerTransaction { changes= {} hops= [] errorCallbackToken=null taskFragmentOrganizer=null }
10-17 05:24:09.479 V/WindowManager(  736):     info={id=22 t=CLOSE f=0x0 trk=0 r=[0@Point(0, 0)] c=[
10-17 05:24:09.479 V/WindowManager(  736):         {WCT{RemoteToken{317bde Task{56c75be #57 type=standard A=10218:com.tuusuario.pinterestfeed.debug}}} m=OPEN f=MOVE_TO_TOP leash=Surface(name=Task=57)/@0x59f7805 sb=Rect(0, 0 - 1080, 2400) eb=Rect(0, 0 - 1080, 2400) epz=Point(1080, 2400) d=0 taskParent=-1},
10-17 05:24:09.479 V/WindowManager(  736):         {WCT{RemoteToken{323bd94 Task{3bd0c2b #56 type=standard A=10218:com.tuusuario.pinterestfeed.debug}}} m=CLOSE f=NONE leash=Surface(name=Task=56)/@0x237dae8 sb=Rect(0, 0 - 1080, 2400) eb=Rect(0, 0 - 1080, 2400) epz=Point(1080, 2400) d=0 taskParent=-1}
10-17 05:24:09.479 V/WindowManager(  736):     ]}
10-17 05:24:09.480 I/.apps.wellbeing( 1614): AssetManager2(0x752f27b06d58) locale list changing from [] to [en-US]
10-17 05:24:09.481 I/ndroid.systemui(  995): AssetManager2(0x752f27b40d78) locale list changing from [] to [en-US]
10-17 05:24:09.482 I/.apps.wellbeing( 1614): AssetManager2(0x752f27b092d8) locale list changing from [] to [en-US]
10-17 05:24:09.482 V/WindowManagerShell(  995): loadAnimation: anim=android.view.animation.AnimationSet@1a2936e animAttr=0xa type=CLOSE isEntrance=true
10-17 05:24:09.484 I/DisplayManager( 5344): Choreographer implicitly registered for the refresh rate.
10-17 05:24:09.484 V/WindowManagerShell(  995):  animated by com.android.wm.shell.transition.DefaultTransitionHandler@290c88a
10-17 05:24:09.485 I/.apps.wellbeing( 1614): AssetManager2(0x752f27b20cf8) locale list changing from [] to [en-US]
10-17 05:24:09.486 I/erestfeed.debug( 5344): AssetManager2(0x752f27afc178) locale list changing from [] to [en-US]
10-17 05:24:09.493 I/.apps.wellbeing( 1614): AssetManager2(0x752f27b0ce38) locale list changing from [] to [en-US]
10-17 05:24:09.498 E/ashmem  ( 5344): Pinning is deprecated since Android Q. Please use trim or other methods.
10-17 05:24:09.505 I/.apps.wellbeing( 1614): AssetManager2(0x752f27b257f8) locale list changing from [] to [en-US]
10-17 05:24:09.507 I/.apps.wellbeing( 1614): AssetManager2(0x752f27b209d8) locale list changing from [] to [en-US]
10-17 05:24:09.509 D/DesktopModeFlags( 5344): Toggle override initialized to: OVERRIDE_UNSET
10-17 05:24:09.514 I/.apps.wellbeing( 1614): AssetManager2(0x752f27b0ed78) locale list changing from [] to [en-US]
10-17 05:24:09.515 I/.apps.wellbeing( 1614): AssetManager2(0x752f27b0f098) locale list changing from [] to [en-US]
10-17 05:24:09.518 I/EGL_emulation( 5344): Opening libGLESv1_CM_emulation.so
10-17 05:24:09.518 I/.apps.wellbeing( 1614): AssetManager2(0x752f27b112f8) locale list changing from [] to [en-US]
10-17 05:24:09.519 I/EGL_emulation( 5344): Opening libGLESv2_emulation.so
10-17 05:24:09.522 I/.apps.wellbeing( 1614): AssetManager2(0x752f27b10358) locale list changing from [] to [en-US]
10-17 05:24:09.523 I/.apps.wellbeing( 1614): AssetManager2(0x752f27b23278) locale list changing from [] to [en-US]
10-17 05:24:09.524 W/HWUI    ( 5344): Failed to choose config with EGL_SWAP_BEHAVIOR_PRESERVED, retrying without...
10-17 05:24:09.524 W/HWUI    ( 5344): Failed to initialize 101010-2 format, error = EGL_SUCCESS
10-17 05:24:09.524 I/.apps.wellbeing( 1614): AssetManager2(0x752f27b10fd8) locale list changing from [] to [en-US]
10-17 05:24:09.527 I/.apps.wellbeing( 1614): AssetManager2(0x752f27b10038) locale list changing from [] to [en-US]
10-17 05:24:09.527 I/.apps.wellbeing( 1614): AssetManager2(0x752f27b15498) locale list changing from [] to [en-US]
10-17 05:24:09.529 I/.apps.wellbeing( 1614): AssetManager2(0x752f27b12bf8) locale list changing from [] to [en-US]
10-17 05:24:09.529 I/.apps.wellbeing( 1614): AssetManager2(0x752f27b157b8) locale list changing from [] to [en-US]
10-17 05:24:09.530 I/.apps.wellbeing( 1614): AssetManager2(0x752f27b0fd18) locale list changing from [] to [en-US]
10-17 05:24:09.530 I/.apps.wellbeing( 1614): AssetManager2(0x752f27b128d8) locale list changing from [] to [en-US]
10-17 05:24:09.531 I/.apps.wellbeing( 1614): AssetManager2(0x752f27b17a18) locale list changing from [] to [en-US]
10-17 05:24:09.532 I/.apps.wellbeing( 1614): AssetManager2(0x752f27b0d798) locale list changing from [] to [en-US]
10-17 05:24:09.534 I/.apps.wellbeing( 1614): AssetManager2(0x752f27b16438) locale list changing from [] to [en-US]
10-17 05:24:09.535 I/.apps.wellbeing( 1614): AssetManager2(0x752f27b10678) locale list changing from [] to [en-US]
10-17 05:24:09.535 I/.apps.wellbeing( 1614): AssetManager2(0x752f27b18cd8) locale list changing from [] to [en-US]
10-17 05:24:09.537 D/MainActivity( 5344): âœ… Coil ImageLoader configured with cache logging
10-17 05:24:09.537 D/MainActivity( 5344): â•â•â•â•â•â•â•â•â•â•â•â•â•â•â•â•â•â•â•â•â•â•â•â•â•â•â•â•â•â•â•â•â•â•â•â•â•â•â•
10-17 05:24:09.537 D/MainActivity( 5344): ðŸš€ Pinterest Feed App Started
10-17 05:24:09.537 D/MainActivity( 5344): â•â•â•â•â•â•â•â•â•â•â•â•â•â•â•â•â•â•â•â•â•â•â•â•â•â•â•â•â•â•â•â•â•â•â•â•â•â•â•
10-17 05:24:09.537 I/.apps.wellbeing( 1614): AssetManager2(0x752f27b1af38) locale list changing from [] to [en-US]
10-17 05:24:09.539 I/.apps.wellbeing( 1614): AssetManager2(0x752f27b07398) locale list changing from [] to [en-US]
10-17 05:24:09.539 I/.apps.wellbeing( 1614): AssetManager2(0x752f27b0be98) locale list changing from [] to [en-US]
10-17 05:24:09.540 I/.apps.wellbeing( 1614): AssetManager2(0x752f27b0a598) locale list changing from [] to [en-US]
10-17 05:24:09.542 I/.apps.wellbeing( 1614): AssetManager2(0x752f27b0e418) locale list changing from [] to [en-US]
10-17 05:24:09.544 I/.apps.wellbeing( 1614): AssetManager2(0x752f27b018f8) locale list changing from [] to [en-US]
10-17 05:24:09.544 I/.apps.wellbeing( 1614): AssetManager2(0x752f27b0ddd8) locale list changing from [] to [en-US]
10-17 05:24:09.545 I/.apps.wellbeing( 1614): AssetManager2(0x752f27b08018) locale list changing from [] to [en-US]
10-17 05:24:09.546 I/.apps.wellbeing( 1614): AssetManager2(0x752f27b0c1b8) locale list changing from [] to [en-US]
10-17 05:24:09.547 I/.apps.wellbeing( 1614): AssetManager2(0x752f27b0b218) locale list changing from [] to [en-US]
10-17 05:24:09.548 I/.apps.wellbeing( 1614): AssetManager2(0x752f27b09c38) locale list changing from [] to [en-US]
10-17 05:24:09.564 W/HWUI    ( 5344): Unknown dataspace 0
10-17 05:24:09.726 W/erestfeed.debug( 5344): Method boolean androidx.compose.runtime.snapshots.SnapshotStateList.conditionalUpdate(boolean, kotlin.jvm.functions.Function1) failed lock verification and will run slower.
10-17 05:24:09.726 W/erestfeed.debug( 5344): Common causes for lock verification issues are non-optimized dex code
10-17 05:24:09.726 W/erestfeed.debug( 5344): and incorrect proguard optimizations.
10-17 05:24:09.726 W/erestfeed.debug( 5344): Method boolean androidx.compose.runtime.snapshots.SnapshotStateList.conditionalUpdate$default(androidx.compose.runtime.snapshots.SnapshotStateList, boolean, kotlin.jvm.functions.Function1, int, java.lang.Object) failed lock verification and will run slower.
10-17 05:24:09.726 W/erestfeed.debug( 5344): Method java.lang.Object androidx.compose.runtime.snapshots.SnapshotStateList.mutate(kotlin.jvm.functions.Function1) failed lock verification and will run slower.
10-17 05:24:09.726 W/erestfeed.debug( 5344): Method void androidx.compose.runtime.snapshots.SnapshotStateList.update(boolean, kotlin.jvm.functions.Function1) failed lock verification and will run slower.
10-17 05:24:09.726 W/erestfeed.debug( 5344): Method void androidx.compose.runtime.snapshots.SnapshotStateList.update$default(androidx.compose.runtime.snapshots.SnapshotStateList, boolean, kotlin.jvm.functions.Function1, int, java.lang.Object) failed lock verification and will run slower.
10-17 05:24:09.781 D/PerformanceMonitor( 5344): â•â•â•â•â•â•â•â•â•â•â•â•â•â•â•â•â•â•â•â•â•â•â•â•â•â•â•â•â•â•â•â•â•â•â•â•â•â•â•
10-17 05:24:09.781 D/PerformanceMonitor( 5344): ðŸ“Š JankStats Monitor Started
10-17 05:24:09.784 D/PerformanceMonitor( 5344): Time: 05:24:09.781
10-17 05:24:09.784 D/PerformanceMonitor( 5344): â•â•â•â•â•â•â•â•â•â•â•â•â•â•â•â•â•â•â•â•â•â•â•â•â•â•â•â•â•â•â•â•â•â•â•â•â•â•â•
10-17 05:24:09.790 D/CoreBackPreview(  736): Window{33c7a53 u0 com.tuusuario.pinterestfeed.debug/com.tuusuario.pinterestfeed.MainActivity}: Setting back callback OnBackInvokedCallbackInfo{mCallback=android.window.IOnBackInvokedCallback$Stub$Proxy@60a68af, mPriority=0, mIsAnimationCallback=false, mOverrideBehavior=0}
10-17 05:24:09.856 I/erestfeed.debug( 5344): Compiler allocated 5042KB to compile void android.view.ViewRootImpl.performTraversals()
10-17 05:24:09.981 I/ActivityTaskManager(  736): Displayed com.tuusuario.pinterestfeed.debug/com.tuusuario.pinterestfeed.MainActivity for user 0: +1s643ms
10-17 05:24:09.983 D/FeedViewModel( 5344): Scroll saved: index=0, offset=0
10-17 05:24:09.990 D/PhotoPagingSource( 5344): Loading page 0 with size 40
10-17 05:24:09.993 V/WindowManagerShell(  995): Transition animation finished (aborted=false), notifying core (#22) android.os.BinderProxy@608d047@0
10-17 05:24:09.994 V/WindowManager(  736): Finish Transition (#22): created at 10-17 05:24:07.954 collect-started=0.05ms request-sent=0.116ms started=4.549ms ready=1249.167ms sent=1300.971ms commit=237.866ms finished=2040.149ms
10-17 05:24:09.995 E/IPCThreadState(  736): Binder transaction failure. id: 226496, BR_*: 29189, error: -22 (Invalid argument)
10-17 05:24:09.996 W/ActivityManager(  736): pid 736 system sent binder code 7 with flags 1 to frozen apps and got error -32
10-17 05:24:09.996 W/WindowManager(  736): Exception thrown during dispatchAppVisibility Window{fda71b5 u0 com.tuusuario.pinterestfeed.debug/com.tuusuario.pinterestfeed.MainActivity EXITING}
10-17 05:24:09.996 W/WindowManager(  736): android.os.DeadObjectException
10-17 05:24:09.996 W/WindowManager(  736): 	at android.os.BinderProxy.transactNative(Native Method)
10-17 05:24:09.996 W/WindowManager(  736): 	at android.os.BinderProxy.transact(BinderProxy.java:592)
10-17 05:24:09.996 W/WindowManager(  736): 	at android.view.IWindow$Stub$Proxy.dispatchAppVisibility(IWindow.java:557)
10-17 05:24:09.996 W/WindowManager(  736): 	at com.android.server.wm.WindowState.sendAppVisibilityToClients(WindowState.java:3151)
10-17 05:24:09.996 W/WindowManager(  736): 	at com.android.server.wm.WindowContainer.sendAppVisibilityToClients(WindowContainer.java:1311)
10-17 05:24:09.996 W/WindowManager(  736): 	at com.android.server.wm.WindowToken.setClientVisible(WindowToken.java:389)
10-17 05:24:09.996 W/WindowManager(  736): 	at com.android.server.wm.ActivityRecord.setClientVisible(ActivityRecord.java:6650)
10-17 05:24:09.996 W/WindowManager(  736): 	at com.android.server.wm.ActivityRecord.commitVisibility(ActivityRecord.java:5561)
10-17 05:24:09.996 W/WindowManager(  736): 	at com.android.server.wm.Transition.finishTransition(Transition.java:1391)
10-17 05:24:09.996 W/WindowManager(  736): 	at com.android.server.wm.TransitionController.finishTransition(TransitionController.java:1029)
10-17 05:24:09.996 W/WindowManager(  736): 	at com.android.server.wm.WindowOrganizerController.finishTransition(WindowOrganizerController.java:496)
10-17 05:24:09.996 W/WindowManager(  736): 	at android.window.IWindowOrganizerController$Stub.onTransact(IWindowOrganizerController.java:261)
10-17 05:24:09.996 W/WindowManager(  736): 	at com.android.server.wm.WindowOrganizerController.onTransact(WindowOrganizerController.java:223)
10-17 05:24:09.996 W/WindowManager(  736): 	at android.os.Binder.execTransactInternal(Binder.java:1421)
10-17 05:24:09.996 W/WindowManager(  736): 	at android.os.Binder.execTransact(Binder.java:1365)
10-17 05:24:09.996 W/Process (  736): Unable to open /proc/5175/status
10-17 05:24:09.998 I/ImeTracker(  736): system_server:ddde970: onRequestHide at ORIGIN_SERVER reason IME_REQUESTED_CHANGED_LISTENER fromUser false
10-17 05:24:09.999 I/ImeTracker(  736): system_server:ddde970: onCancelled at PHASE_SERVER_SHOULD_HIDE
10-17 05:24:09.999 I/okhttp.OkHttpClient( 5344): --> GET https://picsum.photos/v2/list?page=0&limit=40
10-17 05:24:10.000 V/WindowManagerShell(  995): Track 0 became idle
10-17 05:24:10.000 V/WindowManagerShell(  995): All active transition animations finished
10-17 05:24:10.007 I/ImeTracker(  736): com.tuusuario.pinterestfeed.debug:d0179ac6: onRequestHide at ORIGIN_SERVER reason HIDE_UNSPECIFIED_WINDOW fromUser false
10-17 05:24:10.009 I/GoogleInputMethodService( 1575): GoogleInputMethodService.onFinishInput():2085 
10-17 05:24:10.010 I/Module  ( 1575): DeviceLockedStatusModuleProvider$Module.updateDeviceLockedStatus():100 repeatCheckTimes = 0, locked = false
10-17 05:24:10.010 I/GoogleInputMethodService( 1575): GoogleInputMethodService.onStartInput():1346 onStartInput(EditorInfo{EditorInfo{packageName=com.tuusuario.pinterestfeed.debug, inputType=0, inputTypeString=NULL, enableLearning=false, autoCorrection=false, autoComplete=false, imeOptions=0, privateImeOptions=null, actionName=UNSPECIFIED, actionLabel=null, initialSelStart=-1, initialSelEnd=-1, initialCapsMode=0, label=null, fieldId=0, fieldName=null, extras=null, hintText=null, hintLocales=[]}}, false)
10-17 05:24:10.010 I/Module  ( 1575): DeviceLockedStatusModuleProvider$Module.updateDeviceLockedStatus():100 repeatCheckTimes = 1, locked = false
10-17 05:24:10.010 W/PackageConfigPersister(  736): App-specific configuration not found for packageName: com.tuusuario.pinterestfeed.debug and userId: 0
10-17 05:24:10.010 I/ImeTracker(  736): system_server:8c6ae4ca: onRequestHide at ORIGIN_SERVER reason IME_REQUESTED_CHANGED_LISTENER fromUser false
10-17 05:24:10.012 I/ImeTracker(  736): system_server:8c6ae4ca: onCancelled at PHASE_SERVER_SHOULD_HIDE
10-17 05:24:10.013 D/BaseDepthController( 1151): setSurface:
10-17 05:24:10.013 D/BaseDepthController( 1151): 	mWaitingOnSurfaceValidity: false
10-17 05:24:10.013 D/BaseDepthController( 1151): 	mBaseSurface: null
10-17 05:24:10.013 D/BaseDepthController( 1151): mSurface is null and mCurrentBlur is: 0
10-17 05:24:10.013 D/InsetsController( 5344): hide(ime(), fromIme=false)
10-17 05:24:10.013 D/StateManager( 1151): goToState - fromState: Normal, toState: Normal, partial trace:
10-17 05:24:10.013 D/StateManager( 1151): 	at com.android.launcher3.statemanager.StateManager.moveToRestState(go/retraceme 72a59688580715d19f0e415c69e80376c2f062d1648c80db6730905005a27c20:4)
10-17 05:24:10.013 D/StateManager( 1151): 	at com.android.launcher3.statemanager.StateManager.moveToRestState(go/retraceme 72a59688580715d19f0e415c69e80376c2f062d1648c80db6730905005a27c20:1)
10-17 05:24:10.013 D/StateManager( 1151): 	at com.android.launcher3.statemanager.StatefulActivity.onStop(go/retraceme 72a59688580715d19f0e415c69e80376c2f062d1648c80db6730905005a27c20:34)
10-17 05:24:10.013 I/ImeTracker( 5344): com.tuusuario.pinterestfeed.debug:d0179ac6: onCancelled at PHASE_CLIENT_ALREADY_HIDDEN
10-17 05:24:10.013 D/StatsLog( 1151): LAUNCHER_ONSTOP
10-17 05:24:10.014 D/StatsLog( 1151): LAUNCHER_GOOGLE_SEARCH_RESTORE_LIST_SIZE_AFTER_ACTIVITY_RESTART
10-17 05:24:10.014 D/NexusLauncherModelDelegate( 1151): notifySmartspaceEvent: SmartspaceTargetEvent{mSmartspaceTarget=null, mSmartspaceActionId='null', mEventType=7}
10-17 05:24:10.014 D/RecentsView( 1151): onTaskRemoved: 56, not handling task stack changes
10-17 05:24:10.014 D/RecentsView( 1151): onTaskRemoved: 56, not handling task stack changes
10-17 05:24:10.025 D/NexusLauncherModelDelegate( 1151): notifySmartspaceEvent: SmartspaceTargetEvent{mSmartspaceTarget=null, mSmartspaceActionId='null', mEventType=7}
10-17 05:24:10.031 D/BackgroundInstallControlService(  736): Package event received: 0
10-17 05:24:10.042 E/BpTransactionCompletedListener(  582): Failed to transact (-32)
10-17 05:24:10.063 I/FontLog ( 1327): (REDACTED) Received query %s, URI %s
10-17 05:24:10.064 I/FontLog ( 1327): (REDACTED) Query [%s] resolved to %s
10-17 05:24:10.064 I/FontLog ( 1327): (REDACTED) Fetch %s end status %s
10-17 05:24:10.067 I/FontLog ( 1327): (REDACTED) Pulling font file for id = %d, cache size = %d
10-17 05:24:10.101 I/FontLog ( 1327): (REDACTED) Pulling font file for id = %d, cache size = %d
10-17 05:24:10.348 W/WindowOnBackDispatcher(  995): sendCancelIfRunning: isInProgress=false callback=android.view.ViewRootImpl$$ExternalSyntheticLambda13@8a3fe27
10-17 05:24:10.348 D/CoreBackPreview(  736): Window{1e153b u0 Splash Screen com.tuusuario.pinterestfeed.debug EXITING}: Setting back callback null
10-17 05:24:10.733 I/okhttp.OkHttpClient( 5344): <-- 200 https://picsum.photos/v2/list?page=0&limit=40 (734ms, unknown-length body)
10-17 05:24:10.765 D/PhotoPagingSource( 5344): Loading page 1 with size 20
10-17 05:24:10.766 I/okhttp.OkHttpClient( 5344): --> GET https://picsum.photos/v2/list?page=1&limit=20
10-17 05:24:10.780 D/ConnectivityService(  736): NetReassign [no changes] [c 0] [a 0] [i 0]
10-17 05:24:10.783 I/NetworkObserver( 5344): ONLINE
10-17 05:24:10.848 W/HWUI    ( 5344): Failed to choose config with EGL_SWAP_BEHAVIOR_PRESERVED, retrying without...
10-17 05:24:10.848 W/HWUI    ( 5344): Failed to initialize 101010-2 format, error = EGL_SUCCESS
10-17 05:24:10.955 W/HWUI    ( 5344): Image decoding logging dropped!
10-17 05:24:10.966 I/okhttp.OkHttpClient( 5344): <-- 200 https://picsum.photos/v2/list?page=1&limit=20 (200ms, unknown-length body)
10-17 05:24:10.986 W/HWUI    ( 5344): Image decoding logging dropped!
10-17 05:24:11.046 W/HWUI    ( 5344): Image decoding logging dropped!
10-17 05:24:11.083 W/HWUI    ( 5344): Image decoding logging dropped!
10-17 05:24:11.091 W/HWUI    ( 5344): Image decoding logging dropped!
10-17 05:24:11.117 W/HWUI    ( 5344): Image decoding logging dropped!
10-17 05:24:11.128 W/PerformanceMonitor( 5344): ðŸ”´ JANK #1 | Frame: 45 | Duration: 162ms (162748392ns) | States: 
10-17 05:24:11.129 W/HWUI    ( 5344): Image decoding logging dropped!
10-17 05:24:11.140 I/RealImageLoader( 5344): ðŸ’¾ Successful (DISK) - https://picsum.photos/id/2/400/266
10-17 05:24:11.141 I/RealImageLoader( 5344): ðŸ’¾ Successful (DISK) - https://picsum.photos/id/3/400/266
10-17 05:24:11.141 I/RealImageLoader( 5344): ðŸ’¾ Successful (DISK) - https://picsum.photos/id/0/400/266
10-17 05:24:11.142 I/RealImageLoader( 5344): ðŸ’¾ Successful (DISK) - https://picsum.photos/id/1/400/266
10-17 05:24:11.155 W/HWUI    ( 5344): Image decoding logging dropped!
10-17 05:24:11.163 D/PhotoPagingSource( 5344): Loading page 2 with size 20
10-17 05:24:11.165 I/okhttp.OkHttpClient( 5344): --> GET https://picsum.photos/v2/list?page=2&limit=20
10-17 05:24:11.170 W/HWUI    ( 5344): Image decoding logging dropped!
10-17 05:24:11.198 I/RealImageLoader( 5344): ðŸ’¾ Successful (DISK) - https://picsum.photos/id/5/400/266
10-17 05:24:11.198 I/RealImageLoader( 5344): ðŸ’¾ Successful (DISK) - https://picsum.photos/id/4/400/266
10-17 05:24:11.198 I/RealImageLoader( 5344): ðŸ’¾ Successful (DISK) - https://picsum.photos/id/6/400/266
10-17 05:24:11.199 I/RealImageLoader( 5344): ðŸ’¾ Successful (DISK) - https://picsum.photos/id/7/400/268
10-17 05:24:11.199 I/RealImageLoader( 5344): ðŸ’¾ Successful (DISK) - https://picsum.photos/id/8/400/266
10-17 05:24:11.216 W/HWUI    ( 5344): Image decoding logging dropped!
10-17 05:24:11.220 W/HWUI    ( 5344): Image decoding logging dropped!
10-17 05:24:11.224 W/HWUI    ( 5344): Image decoding logging dropped!
10-17 05:24:11.234 I/RealImageLoader( 5344): ðŸ’¾ Successful (DISK) - https://picsum.photos/id/9/400/261
10-17 05:24:11.235 I/RealImageLoader( 5344): ðŸ’¾ Successful (DISK) - https://picsum.photos/id/10/400/266
10-17 05:24:11.244 I/RealImageLoader( 5344): ðŸ’¾ Successful (DISK) - https://picsum.photos/id/11/400/266
10-17 05:24:11.372 I/okhttp.OkHttpClient( 5344): <-- 200 https://picsum.photos/v2/list?page=2&limit=20 (205ms, unknown-length body)
10-17 05:24:11.395 D/PhotoPagingSource( 5344): Loading page 3 with size 20
10-17 05:24:11.395 I/okhttp.OkHttpClient( 5344): --> GET https://picsum.photos/v2/list?page=3&limit=20
10-17 05:24:11.428 D/PerformanceMonitor( 5344): âœ… Frame 60 | Duration: 37ms | Jank Rate: 1.67%
10-17 05:24:11.598 I/okhttp.OkHttpClient( 5344): <-- 200 https://picsum.photos/v2/list?page=3&limit=20 (202ms, unknown-length body)
10-17 05:24:11.616 D/PhotoPagingSource( 5344): Loading page 4 with size 20
10-17 05:24:11.616 I/okhttp.OkHttpClient( 5344): --> GET https://picsum.photos/v2/list?page=4&limit=20
10-17 05:24:11.681 D/BoundBrokerSvc( 1327): onUnbind: Intent { act=com.google.android.gms.auth.aang.events.services.START dat=chimera-action:/... xflg=0x4 cmp=com.google.android.gms/.chimera.PersistentApiService }
10-17 05:24:11.681 D/BoundBrokerSvc( 1596): onUnbind: Intent { act=com.google.android.gms.auth.service.START xflg=0x4 pkg=com.google.android.gms }
10-17 05:24:11.776 D/ActivityManager(  736): freezing 2832 com.google.android.gms.unstable
10-17 05:24:11.851 I/okhttp.OkHttpClient( 5344): <-- 200 https://picsum.photos/v2/list?page=4&limit=20 (234ms, unknown-length body)
10-17 05:24:11.871 D/PhotoPagingSource( 5344): Loading page 5 with size 20
10-17 05:24:11.872 I/okhttp.OkHttpClient( 5344): --> GET https://picsum.photos/v2/list?page=5&limit=20
10-17 05:24:12.086 I/okhttp.OkHttpClient( 5344): <-- 200 https://picsum.photos/v2/list?page=5&limit=20 (213ms, unknown-length body)
10-17 05:24:12.107 D/PhotoPagingSource( 5344): Loading page 6 with size 20
10-17 05:24:12.108 I/okhttp.OkHttpClient( 5344): --> GET https://picsum.photos/v2/list?page=6&limit=20
10-17 05:24:12.319 I/okhttp.OkHttpClient( 5344): <-- 200 https://picsum.photos/v2/list?page=6&limit=20 (211ms, unknown-length body)
10-17 05:24:12.343 D/PhotoPagingSource( 5344): Loading page 7 with size 20
10-17 05:24:12.343 I/okhttp.OkHttpClient( 5344): --> GET https://picsum.photos/v2/list?page=7&limit=20
10-17 05:24:12.355 E/TaskPersister(  736): File error accessing recents directory (directory doesn't exist?).
10-17 05:24:12.378 W/PerformanceMonitor( 5344): ðŸ”´ JANK #2 | Frame: 74 | Duration: 34ms (34884295ns) | States: 
10-17 05:24:12.551 I/okhttp.OkHttpClient( 5344): <-- 200 https://picsum.photos/v2/list?page=7&limit=20 (207ms, unknown-length body)
10-17 05:24:12.577 D/PhotoPagingSource( 5344): Loading page 8 with size 20
10-17 05:24:12.578 I/okhttp.OkHttpClient( 5344): --> GET https://picsum.photos/v2/list?page=8&limit=20
10-17 05:24:12.613 W/PerformanceMonitor( 5344): ðŸ”´ JANK #3 | Frame: 75 | Duration: 34ms (34098191ns) | States: 
10-17 05:24:12.778 I/okhttp.OkHttpClient( 5344): <-- 200 https://picsum.photos/v2/list?page=8&limit=20 (200ms, unknown-length body)
10-17 05:24:12.802 D/PhotoPagingSource( 5344): Loading page 9 with size 20
10-17 05:24:12.803 I/okhttp.OkHttpClient( 5344): --> GET https://picsum.photos/v2/list?page=9&limit=20
10-17 05:24:13.008 I/okhttp.OkHttpClient( 5344): <-- 200 https://picsum.photos/v2/list?page=9&limit=20 (205ms, unknown-length body)
10-17 05:24:13.032 D/PhotoPagingSource( 5344): Loading page 10 with size 20
10-17 05:24:13.032 I/okhttp.OkHttpClient( 5344): --> GET https://picsum.photos/v2/list?page=10&limit=20
10-17 05:24:13.257 I/okhttp.OkHttpClient( 5344): <-- 200 https://picsum.photos/v2/list?page=10&limit=20 (224ms, unknown-length body)
10-17 05:24:13.286 D/PhotoPagingSource( 5344): Loading page 11 with size 20
10-17 05:24:13.287 I/okhttp.OkHttpClient( 5344): --> GET https://picsum.photos/v2/list?page=11&limit=20
10-17 05:24:13.493 I/okhttp.OkHttpClient( 5344): <-- 200 https://picsum.photos/v2/list?page=11&limit=20 (205ms, unknown-length body)
10-17 05:24:13.519 D/PhotoPagingSource( 5344): Loading page 12 with size 20
10-17 05:24:13.520 I/okhttp.OkHttpClient( 5344): --> GET https://picsum.photos/v2/list?page=12&limit=20
10-17 05:24:13.725 I/okhttp.OkHttpClient( 5344): <-- 200 https://picsum.photos/v2/list?page=12&limit=20 (205ms, unknown-length body)
10-17 05:24:13.750 D/PhotoPagingSource( 5344): Loading page 13 with size 20
10-17 05:24:13.751 I/okhttp.OkHttpClient( 5344): --> GET https://picsum.photos/v2/list?page=13&limit=20
10-17 05:24:13.956 I/okhttp.OkHttpClient( 5344): <-- 200 https://picsum.photos/v2/list?page=13&limit=20 (204ms, unknown-length body)
10-17 05:24:14.308 D/OomAdjuster(  736): Not killing cached processes
10-17 05:24:15.563 D/ProfileInstaller( 5344): Installing profile for com.tuusuario.pinterestfeed.debug
10-17 05:24:18.195 D/ActivityManager(  736): freezing 4014 com.android.vending:background
10-17 05:24:18.232 D/ActivityManager(  736): freezing 3938 com.android.vending
10-17 05:24:18.232 D/InetDiagMessage(  736): Destroyed 0 sockets, proto=IPPROTO_TCP, family=AF_INET, states=14
10-17 05:24:18.234 D/InetDiagMessage(  736): Destroyed 2 sockets, proto=IPPROTO_TCP, family=AF_INET6, states=14
10-17 05:24:18.234 D/InetDiagMessage(  736): Destroyed live tcp sockets for uids={10146} in 1ms
10-17 05:24:18.473 D/SatelliteController( 1145): iisInCarrierRoamingNbIotNtn: satellite is disabled
10-17 05:24:19.317 D/InetDiagMessage(  736): Destroyed 0 sockets, proto=IPPROTO_TCP, family=AF_INET, states=14
10-17 05:24:19.317 D/InetDiagMessage(  736): Destroyed 0 sockets, proto=IPPROTO_TCP, family=AF_INET6, states=14
10-17 05:24:19.318 D/InetDiagMessage(  736): Destroyed live tcp sockets for uids={10147} in 1ms
10-17 05:24:19.318 D/InetDiagMessage(  736): Destroyed 0 sockets, proto=IPPROTO_TCP, family=AF_INET, states=14
10-17 05:24:19.318 D/InetDiagMessage(  736): Destroyed 0 sockets, proto=IPPROTO_TCP, family=AF_INET6, states=14
10-17 05:24:19.318 D/InetDiagMessage(  736): Destroyed live tcp sockets for uids={20147} in 0ms
10-17 05:24:22.765 D/FeedViewModel( 5344): Scroll saved: index=0, offset=11
10-17 05:24:22.779 D/FeedViewModel( 5344): Scroll saved: index=0, offset=51
10-17 05:24:22.812 D/FeedViewModel( 5344): Scroll saved: index=0, offset=95
10-17 05:24:22.822 D/FeedViewModel( 5344): Scroll saved: index=0, offset=152
10-17 05:24:22.829 D/FeedViewModel( 5344): Scroll saved: index=0, offset=211
10-17 05:24:22.847 D/FeedViewModel( 5344): Scroll saved: index=0, offset=276
10-17 05:24:22.868 D/FeedViewModel( 5344): Scroll saved: index=0, offset=306
10-17 05:24:22.886 D/FeedViewModel( 5344): Scroll saved: index=0, offset=333
10-17 05:24:22.955 D/FeedViewModel( 5344): Scroll saved: index=0, offset=359
10-17 05:24:22.981 D/FeedViewModel( 5344): Scroll saved: index=0, offset=348
10-17 05:24:22.993 I/RealImageLoader( 5344): ðŸ—  Cancelled - https://picsum.photos/id/14/400/266
10-17 05:24:22.994 D/FeedViewModel( 5344): Scroll saved: index=0, offset=347
10-17 05:24:23.013 D/FeedViewModel( 5344): Scroll saved: index=0, offset=346
10-17 05:24:23.135 D/OomAdjuster(  736): Not killing cached processes
10-17 05:24:23.547 D/PerformanceMonitor( 5344): âœ… Frame 120 | Duration: 9ms | Jank Rate: 2.50%
10-17 05:24:23.584 W/HWUI    ( 5344): Image decoding logging dropped!
10-17 05:24:23.595 I/RealImageLoader( 5344): â˜ï¸  Successful (NETWORK) - https://picsum.photos/id/12/400/266
10-17 05:24:23.628 W/HWUI    ( 5344): Image decoding logging dropped!
10-17 05:24:23.648 I/RealImageLoader( 5344): â˜ï¸  Successful (NETWORK) - https://picsum.photos/id/13/400/266
10-17 05:24:24.376 D/BoundBrokerSvc( 1596): onUnbind: Intent { act=com.google.android.gms.feedback.internal.IFeedbackService dat=chimera-action:/... xflg=0x4 cmp=com.google.android.gms/.chimera.GmsBoundBrokerService }
10-17 05:24:27.348 D/FeedViewModel( 5344): Scroll saved: index=2, offset=5
10-17 05:24:27.348 V/FeedViewModel( 5344): Prefetching image at index 3: 3
10-17 05:24:27.348 V/FeedViewModel( 5344): Prefetching image at index 4: 4
10-17 05:24:27.348 V/FeedViewModel( 5344): Prefetching image at index 5: 5
10-17 05:24:27.348 V/FeedViewModel( 5344): Prefetching image at index 6: 6
10-17 05:24:27.349 V/FeedViewModel( 5344): Prefetching image at index 7: 7
10-17 05:24:27.349 V/FeedViewModel( 5344): Prefetching image at index 8: 8
10-17 05:24:27.349 V/FeedViewModel( 5344): Prefetching image at index 9: 9
10-17 05:24:27.349 V/FeedViewModel( 5344): Prefetching image at index 10: 10
10-17 05:24:27.349 V/FeedViewModel( 5344): Prefetching image at index 11: 11
10-17 05:24:27.349 V/FeedViewModel( 5344): Prefetching image at index 12: 12
10-17 05:24:27.365 D/FeedViewModel( 5344): Scroll saved: index=2, offset=60
10-17 05:24:27.409 D/FeedViewModel( 5344): Scroll saved: index=2, offset=151
10-17 05:24:27.424 D/FeedViewModel( 5344): Scroll saved: index=4, offset=14
10-17 05:24:27.424 V/FeedViewModel( 5344): Prefetching image at index 5: 5
10-17 05:24:27.424 V/FeedViewModel( 5344): Prefetching image at index 6: 6
10-17 05:24:27.424 V/FeedViewModel( 5344): Prefetching image at index 7: 7
10-17 05:24:27.424 V/FeedViewModel( 5344): Prefetching image at index 8: 8
10-17 05:24:27.424 V/FeedViewModel( 5344): Prefetching image at index 9: 9
10-17 05:24:27.424 V/FeedViewModel( 5344): Prefetching image at index 10: 10
