10-17 05:24:31.630 I/okhttp.OkHttpClient( 5344): <-- 200 https://picsum.photos/v2/list?page=14&limit=20 (194ms, unknown-length body)
10-17 05:24:31.646 W/HWUI    ( 5344): Image decoding logging dropped!
10-17 05:24:31.647 D/FeedViewModel( 5344): Scroll saved: index=93, offset=424
10-17 05:24:31.665 D/PhotoPagingSource( 5344): Loading page 15 with size 20
10-17 05:24:31.665 I/okhttp.OkHttpClient( 5344): --> GET https://picsum.photos/v2/list?page=15&limit=20
10-17 05:24:31.677 I/RealImageLoader( 5344): â˜ï¸  Successful (NETWORK) - https://picsum.photos/id/54/400/266
10-17 05:24:31.677 D/FeedViewModel( 5344): Scroll saved: index=93, offset=473
10-17 05:24:31.691 D/FeedViewModel( 5344): Scroll saved: index=94, offset=354
10-17 05:24:31.691 V/FeedViewModel( 5344): Prefetching image at index 95: 55
10-17 05:24:31.691 V/FeedViewModel( 5344): Prefetching image at index 96: 56
10-17 05:24:31.691 V/FeedViewModel( 5344): Prefetching image at index 97: 57
10-17 05:24:31.691 V/FeedViewModel( 5344): Prefetching image at index 98: 58
10-17 05:24:31.691 V/FeedViewModel( 5344): Prefetching image at index 99: 59
10-17 05:24:31.691 V/FeedViewModel( 5344): Prefetching image at index 100: 60
10-17 05:24:31.691 V/FeedViewModel( 5344): Prefetching image at index 101: 61
10-17 05:24:31.691 V/FeedViewModel( 5344): Prefetching image at index 102: 62
10-17 05:24:31.691 V/FeedViewModel( 5344): Prefetching image at index 103: 63
10-17 05:24:31.691 V/FeedViewModel( 5344): Prefetching image at index 104: 64
10-17 05:24:31.710 D/FeedViewModel( 5344): Scroll saved: index=95, offset=76
10-17 05:24:31.711 W/HWUI    ( 5344): Image decoding logging dropped!
10-17 05:24:31.711 V/FeedViewModel( 5344): Prefetching image at index 96: 56
10-17 05:24:31.711 V/FeedViewModel( 5344): Prefetching image at index 97: 57
10-17 05:24:31.711 V/FeedViewModel( 5344): Prefetching image at index 98: 58
10-17 05:24:31.711 V/FeedViewModel( 5344): Prefetching image at index 99: 59
10-17 05:24:31.711 V/FeedViewModel( 5344): Prefetching image at index 100: 60
10-17 05:24:31.711 V/FeedViewModel( 5344): Prefetching image at index 101: 61
10-17 05:24:31.711 V/FeedViewModel( 5344): Prefetching image at index 102: 62
10-17 05:24:31.711 V/FeedViewModel( 5344): Prefetching image at index 103: 63
10-17 05:24:31.711 V/FeedViewModel( 5344): Prefetching image at index 104: 64
10-17 05:24:31.711 V/FeedViewModel( 5344): Prefetching image at index 105: 65
10-17 05:24:31.726 W/HWUI    ( 5344): Image decoding logging dropped!
10-17 05:24:31.728 I/RealImageLoader( 5344): â˜ï¸  Successful (NETWORK) - https://picsum.photos/id/55/400/266
10-17 05:24:31.729 D/FeedViewModel( 5344): Scroll saved: index=95, offset=117
10-17 05:24:31.759 I/RealImageLoader( 5344): â˜ï¸  Successful (NETWORK) - https://picsum.photos/id/56/400/266
10-17 05:24:31.760 D/FeedViewModel( 5344): Scroll saved: index=95, offset=157
10-17 05:24:31.765 W/HWUI    ( 5344): Image decoding logging dropped!
10-17 05:24:31.768 W/HWUI    ( 5344): Image decoding logging dropped!
10-17 05:24:31.770 D/FeedViewModel( 5344): Scroll saved: index=95, offset=228
10-17 05:24:31.770 I/RealImageLoader( 5344): â˜ï¸  Successful (NETWORK) - https://picsum.photos/id/57/400/533
10-17 05:24:31.771 I/RealImageLoader( 5344): â˜ï¸  Successful (NETWORK) - https://picsum.photos/id/58/400/266
10-17 05:24:31.782 D/FeedViewModel( 5344): Scroll saved: index=95, offset=263
10-17 05:24:31.796 D/FeedViewModel( 5344): Scroll saved: index=95, offset=294
10-17 05:24:31.814 D/FeedViewModel( 5344): Scroll saved: index=95, offset=325
10-17 05:24:31.831 D/FeedViewModel( 5344): Scroll saved: index=95, offset=355
10-17 05:24:31.846 D/FeedViewModel( 5344): Scroll saved: index=96, offset=341
10-17 05:24:31.847 V/FeedViewModel( 5344): Prefetching image at index 97: 57
10-17 05:24:31.847 V/FeedViewModel( 5344): Prefetching image at index 98: 58
10-17 05:24:31.847 V/FeedViewModel( 5344): Prefetching image at index 99: 59
10-17 05:24:31.847 V/FeedViewModel( 5344): Prefetching image at index 100: 60
10-17 05:24:31.847 V/FeedViewModel( 5344): Prefetching image at index 101: 61
10-17 05:24:31.847 V/FeedViewModel( 5344): Prefetching image at index 102: 62
10-17 05:24:31.847 V/FeedViewModel( 5344): Prefetching image at index 103: 63
10-17 05:24:31.847 V/FeedViewModel( 5344): Prefetching image at index 104: 64
10-17 05:24:31.847 V/FeedViewModel( 5344): Prefetching image at index 105: 65
10-17 05:24:31.847 V/FeedViewModel( 5344): Prefetching image at index 106: 66
10-17 05:24:31.854 I/okhttp.OkHttpClient( 5344): <-- 200 https://picsum.photos/v2/list?page=15&limit=20 (188ms, unknown-length body)
10-17 05:24:31.870 D/PhotoPagingSource( 5344): Loading page 16 with size 20
10-17 05:24:31.870 I/okhttp.OkHttpClient( 5344): --> GET https://picsum.photos/v2/list?page=16&limit=20
10-17 05:24:31.883 D/FeedViewModel( 5344): Scroll saved: index=97, offset=50
10-17 05:24:31.884 V/FeedViewModel( 5344): Prefetching image at index 98: 58
10-17 05:24:31.884 V/FeedViewModel( 5344): Prefetching image at index 99: 59
10-17 05:24:31.884 V/FeedViewModel( 5344): Prefetching image at index 100: 60
10-17 05:24:31.884 V/FeedViewModel( 5344): Prefetching image at index 101: 61
10-17 05:24:31.884 V/FeedViewModel( 5344): Prefetching image at index 102: 62
10-17 05:24:31.884 V/FeedViewModel( 5344): Prefetching image at index 103: 63
10-17 05:24:31.884 V/FeedViewModel( 5344): Prefetching image at index 104: 64
10-17 05:24:31.884 V/FeedViewModel( 5344): Prefetching image at index 105: 65
10-17 05:24:31.884 V/FeedViewModel( 5344): Prefetching image at index 106: 66
10-17 05:24:31.884 V/FeedViewModel( 5344): Prefetching image at index 107: 67
10-17 05:24:31.890 D/FeedViewModel( 5344): Scroll saved: index=97, offset=76
10-17 05:24:31.899 D/FeedViewModel( 5344): Scroll saved: index=97, offset=99
10-17 05:24:31.918 D/FeedViewModel( 5344): Scroll saved: index=97, offset=123
10-17 05:24:31.935 D/FeedViewModel( 5344): Scroll saved: index=97, offset=145
10-17 05:24:31.953 D/FeedViewModel( 5344): Scroll saved: index=97, offset=166
10-17 05:24:31.954 W/HWUI    ( 5344): Image decoding logging dropped!
10-17 05:24:31.955 I/RealImageLoader( 5344): â˜ï¸  Successful (NETWORK) - https://picsum.photos/id/59/400/264
10-17 05:24:31.964 D/FeedViewModel( 5344): Scroll saved: index=97, offset=186
10-17 05:24:31.991 W/HWUI    ( 5344): Image decoding logging dropped!
10-17 05:24:31.991 D/FeedViewModel( 5344): Scroll saved: index=97, offset=204
10-17 05:24:31.997 D/FeedViewModel( 5344): Scroll saved: index=97, offset=222
10-17 05:24:31.997 I/RealImageLoader( 5344): â˜ï¸  Successful (NETWORK) - https://picsum.photos/id/60/400/250
10-17 05:24:32.014 D/FeedViewModel( 5344): Scroll saved: index=97, offset=240
10-17 05:24:32.030 D/FeedViewModel( 5344): Scroll saved: index=97, offset=255
10-17 05:24:32.047 D/FeedViewModel( 5344): Scroll saved: index=97, offset=271
10-17 05:24:32.063 D/FeedViewModel( 5344): Scroll saved: index=97, offset=285
10-17 05:24:32.073 I/okhttp.OkHttpClient( 5344): <-- 200 https://picsum.photos/v2/list?page=16&limit=20 (202ms, unknown-length body)
10-17 05:24:32.089 D/PhotoPagingSource( 5344): Loading page 17 with size 20
10-17 05:24:32.090 I/okhttp.OkHttpClient( 5344): --> GET https://picsum.photos/v2/list?page=17&limit=20
10-17 05:24:32.101 D/FeedViewModel( 5344): Scroll saved: index=97, offset=311
10-17 05:24:32.113 D/FeedViewModel( 5344): Scroll saved: index=97, offset=323
10-17 05:24:32.126 W/HWUI    ( 5344): Image decoding logging dropped!
10-17 05:24:32.129 D/FeedViewModel( 5344): Scroll saved: index=97, offset=333
10-17 05:24:32.129 I/RealImageLoader( 5344): â˜ï¸  Successful (NETWORK) - https://picsum.photos/id/63/400/225
10-17 05:24:32.149 D/FeedViewModel( 5344): Scroll saved: index=97, offset=344
10-17 05:24:32.149 W/HWUI    ( 5344): Image decoding logging dropped!
10-17 05:24:32.150 I/RealImageLoader( 5344): â˜ï¸  Successful (NETWORK) - https://picsum.photos/id/62/400/266
10-17 05:24:32.154 W/HWUI    ( 5344): Image decoding logging dropped!
10-17 05:24:32.155 I/RealImageLoader( 5344): â˜ï¸  Successful (NETWORK) - https://picsum.photos/id/61/400/300
10-17 05:24:32.165 D/FeedViewModel( 5344): Scroll saved: index=97, offset=353
10-17 05:24:32.180 D/FeedViewModel( 5344): Scroll saved: index=97, offset=362
10-17 05:24:32.195 D/FeedViewModel( 5344): Scroll saved: index=97, offset=370
10-17 05:24:32.213 D/FeedViewModel( 5344): Scroll saved: index=97, offset=378
10-17 05:24:32.230 D/FeedViewModel( 5344): Scroll saved: index=97, offset=385
10-17 05:24:32.240 W/HWUI    ( 5344): Image decoding logging dropped!
10-17 05:24:32.240 I/RealImageLoader( 5344): â˜ï¸  Successful (NETWORK) - https://picsum.photos/id/64/400/266
10-17 05:24:32.247 D/FeedViewModel( 5344): Scroll saved: index=97, offset=390
10-17 05:24:32.262 D/FeedViewModel( 5344): Scroll saved: index=97, offset=396
10-17 05:24:32.278 I/okhttp.OkHttpClient( 5344): <-- 200 https://picsum.photos/v2/list?page=17&limit=20 (187ms, unknown-length body)
10-17 05:24:32.280 D/FeedViewModel( 5344): Scroll saved: index=97, offset=401
10-17 05:24:32.290 W/HWUI    ( 5344): Image decoding logging dropped!
10-17 05:24:32.298 D/PhotoPagingSource( 5344): Loading page 18 with size 20
10-17 05:24:32.299 I/okhttp.OkHttpClient( 5344): --> GET https://picsum.photos/v2/list?page=18&limit=20
10-17 05:24:32.303 I/RealImageLoader( 5344): â˜ï¸  Successful (NETWORK) - https://picsum.photos/id/65/400/265
10-17 05:24:32.310 D/FeedViewModel( 5344): Scroll saved: index=97, offset=405
10-17 05:24:32.315 D/FeedViewModel( 5344): Scroll saved: index=97, offset=409
10-17 05:24:32.329 D/FeedViewModel( 5344): Scroll saved: index=97, offset=412
10-17 05:24:32.349 D/FeedViewModel( 5344): Scroll saved: index=97, offset=414
10-17 05:24:32.362 D/FeedViewModel( 5344): Scroll saved: index=97, offset=416
10-17 05:24:32.379 D/FeedViewModel( 5344): Scroll saved: index=97, offset=418
10-17 05:24:32.397 D/FeedViewModel( 5344): Scroll saved: index=97, offset=419
10-17 05:24:32.437 W/HWUI    ( 5344): Image decoding logging dropped!
10-17 05:24:32.441 W/HWUI    ( 5344): Image decoding logging dropped!
10-17 05:24:32.442 I/RealImageLoader( 5344): â˜ï¸  Successful (NETWORK) - https://picsum.photos/id/67/400/602
10-17 05:24:32.454 W/HWUI    ( 5344): Image decoding logging dropped!
10-17 05:24:32.456 D/PerformanceMonitor( 5344): âœ… Frame 420 | Duration: 3ms | Jank Rate: 0.71%
10-17 05:24:32.456 I/RealImageLoader( 5344): â˜ï¸  Successful (NETWORK) - https://picsum.photos/id/66/400/300
10-17 05:24:32.457 I/RealImageLoader( 5344): â˜ï¸  Successful (NETWORK) - https://picsum.photos/id/68/400/266
10-17 05:24:32.488 I/okhttp.OkHttpClient( 5344): <-- 200 https://picsum.photos/v2/list?page=18&limit=20 (189ms, unknown-length body)
10-17 05:24:32.537 W/HWUI    ( 5344): Image decoding logging dropped!
10-17 05:24:32.539 I/RealImageLoader( 5344): â˜ï¸  Successful (NETWORK) - https://picsum.photos/id/69/400/265
10-17 05:24:32.574 W/HWUI    ( 5344): Image decoding logging dropped!
10-17 05:24:32.581 I/RealImageLoader( 5344): â˜ï¸  Successful (NETWORK) - https://picsum.photos/id/70/400/265
10-17 05:24:34.138 D/OomAdjuster(  736): Not killing cached processes
10-17 05:24:34.155 D/ActivityManager(  736): sync unfroze 3938 com.android.vending for 6
10-17 05:24:34.158 W/ProcessStats(  736): Tracking association SourceState{30768e4 system/1000 ImpBg #2504} whose proc state 6 is better than process ProcessState{8d07bf5 com.android.vending/10146 pkg=com.android.vending} proc state 14 (12 skipped)
10-17 05:24:34.158 I/Finsky  ( 3938): [2] SCH: job service start with id 9381.
10-17 05:24:34.163 I/Finsky  ( 3938): [159] SCH: Satisfied jobs for 9381 are: 12-1
10-17 05:24:34.163 I/Finsky  ( 3938): [165] SCH: Job 12-1 starting
10-17 05:24:34.163 I/Finsky  ( 3938): [2] WM::SCH: Logging work start for 12-1
10-17 05:24:34.164 I/Finsky  ( 3938): [2] [ContentSync] job started
10-17 05:24:34.194 I/Finsky  ( 3938): [166] App states replicator found 31 unowned apps
10-17 05:24:34.197 I/Finsky  ( 3938): [54] Completed 0 account content syncs with 0 successful.
10-17 05:24:34.197 I/Finsky  ( 3938): [2] [ContentSync] Installation state replication succeeded.
10-17 05:24:34.197 I/Finsky  ( 3938): [2] SCH: jobFinished: 12-1. TimeElapsed: 34ms.
10-17 05:24:34.197 I/Finsky  ( 3938): [2] WM::SCH: Logging work end for 12-1
10-17 05:24:34.208 I/Finsky  ( 3938): [54] SCH: Scheduling phonesky job Id: 1-1337, CT: 1760672890127, Constraints: [{ L: 26232297, D: 69432297, C: CHARGING_NONE, I: IDLE_NONE, N: NET_ANY, B: BATTERY_ANY }]
10-17 05:24:34.209 I/Finsky  ( 3938): [63] SCH: Scheduling 1 system job(s)
10-17 05:24:34.209 I/Finsky  ( 3938): [63] SCH: Scheduling system job Id: 9384, L: 20448215, D: 63648215, C: false, I: false, N: 1
10-17 05:24:34.212 I/Finsky  ( 3938): [165] SCH: job service finished with id 9381.
10-17 05:24:34.214 I/Finsky  ( 3938): [2] Memory trim requested to level 40
10-17 05:24:34.214 I/Finsky  ( 3938): [2] Flushing in-memory image cache
10-17 05:24:34.448 D/ActivityManager(  736): freezing 1596 com.google.android.gms
10-17 05:24:34.769 D/androidtc(  736): Initializing SystemTextClassifier, type = System
10-17 05:24:34.770 I/AiAiTextClassifier( 1695): onCreateTextClassificationSession = TextClassificationSessionId {7dae3db4-c418-46e8-b125-524845b20d7f}
10-17 05:24:34.771 I/AiAiTranslate( 1695): C2T - not in a conversation
10-17 05:24:34.772 I/ClipboardListener(  995): Clipboard overlay suppressed.
10-17 05:24:34.787 I/ClipboardListener(  995): Clipboard overlay suppressed.
10-17 05:24:38.473 D/SatelliteController( 1145): iisInCarrierRoamingNbIotNtn: satellite is disabled
10-17 05:24:41.441 D/PickerSyncController( 1677): Attempting to enable cloud media queries.
10-17 05:24:41.441 D/PickerSyncLockManager( 1677): Trying to acquire lock com.android.providers.media.photopicker.sync.CloseableReentrantLock@5b5b871[Unlocked]. Lock Name = CLOUD_SYNC_LOCK. Threads that may be waiting to acquire this lock = [] with timeout.
10-17 05:24:41.441 D/CloseableReentrantLock( 1677): Successfully acquired lock com.android.providers.media.photopicker.sync.CloseableReentrantLock@5b5b871[Locked by thread com.android.providers.media.internal.modules.utils.BackgroundThread]. Lock Name = CLOUD_SYNC_LOCK. Threads that may be waiting to acquire this lock = []
10-17 05:24:41.441 D/PickerSyncLockManager( 1677): Trying to acquire lock com.android.providers.media.photopicker.sync.CloseableReentrantLock@cccee67[Unlocked]. Lock Name = CLOUD_PROVIDER_LOCK. Threads that may be waiting to acquire this lock = [] with timeout.
10-17 05:24:41.441 D/CloseableReentrantLock( 1677): Successfully acquired lock com.android.providers.media.photopicker.sync.CloseableReentrantLock@cccee67[Locked by thread com.android.providers.media.internal.modules.utils.BackgroundThread]. Lock Name = CLOUD_PROVIDER_LOCK. Threads that may be waiting to acquire this lock = []
10-17 05:24:41.441 D/CloseableReentrantLock( 1677): Successfully released lock com.android.providers.media.photopicker.sync.CloseableReentrantLock@cccee67[Unlocked]. Lock Name = CLOUD_PROVIDER_LOCK. Threads that may be waiting to acquire this lock = []
10-17 05:24:41.441 D/PickerSyncLockManager( 1677): Trying to acquire lock com.android.providers.media.photopicker.sync.CloseableReentrantLock@cccee67[Unlocked]. Lock Name = CLOUD_PROVIDER_LOCK. Threads that may be waiting to acquire this lock = [] with timeout.
10-17 05:24:41.441 D/CloseableReentrantLock( 1677): Successfully acquired lock com.android.providers.media.photopicker.sync.CloseableReentrantLock@cccee67[Locked by thread com.android.providers.media.internal.modules.utils.BackgroundThread]. Lock Name = CLOUD_PROVIDER_LOCK. Threads that may be waiting to acquire this lock = []
10-17 05:24:41.441 D/PickerSyncController( 1677): getSyncRequestParams() CLOUD, auth=com.google.android.apps.photos.cloudpicker
10-17 05:24:41.441 D/OomAdjuster(  736): Not killing cached processes
10-17 05:24:41.442 D/ActivityManager(  736): sync unfroze 4459 com.google.android.apps.photos for 7
10-17 05:24:41.443 D/BackgroundInstallControlService(  736): Package event received: 0
10-17 05:24:41.450 D/ActivityThread( 4459): Package [com.tuusuario.pinterestfeed.debug] reported as REPLACED, but missing application info. Assuming REMOVED.
10-17 05:24:41.451 D/ActivityThread( 4459): Package [com.tuusuario.pinterestfeed.debug] reported as REPLACED, but missing application info. Assuming REMOVED.
10-17 05:24:41.472 W/libc    ( 4459): Access denied finding property "ro.debuggable"
10-17 05:24:41.476 D/PickerSyncController( 1677):    Latest ID/Gen=null/0
10-17 05:24:41.476 D/PickerSyncController( 1677):    Cached ID/Gen=null/-1
10-17 05:24:41.476 D/CloseableReentrantLock( 1677): Successfully released lock com.android.providers.media.photopicker.sync.CloseableReentrantLock@cccee67[Unlocked]. Lock Name = CLOUD_PROVIDER_LOCK. Threads that may be waiting to acquire this lock = []
10-17 05:24:41.476 D/CloseableReentrantLock( 1677): Successfully released lock com.android.providers.media.photopicker.sync.CloseableReentrantLock@5b5b871[Unlocked]. Lock Name = CLOUD_SYNC_LOCK. Threads that may be waiting to acquire this lock = []
10-17 05:24:41.476 D/PickerSyncController( 1677): Error occurred, remaining retry count: 0
10-17 05:24:41.476 D/PickerSyncController( 1677): java.lang.IllegalStateException: Unexpected Latest Media Collection Info: ID/Gen=null/0
10-17 05:24:41.476 D/PickerSyncController( 1677): 	at com.android.providers.media.photopicker.PickerSyncController.getSyncRequestParamsLocked(PickerSyncController.java:1554)
10-17 05:24:41.476 D/PickerSyncController( 1677): 	at com.android.providers.media.photopicker.PickerSyncController.getSyncRequestParams(PickerSyncController.java:1514)
10-17 05:24:41.476 D/PickerSyncController( 1677): 	at com.android.providers.media.photopicker.PickerSyncController.maybeEnableCloudMediaQueries(PickerSyncController.java:355)
10-17 05:24:41.476 D/PickerSyncController( 1677): 	at com.android.providers.media.photopicker.PickerSyncController.lambda$tryEnablingCloudMediaQueries$0(PickerSyncController.java:286)
10-17 05:24:41.476 D/PickerSyncController( 1677): 	at com.android.providers.media.photopicker.PickerSyncController.$r8$lambda$igHbLHRBgFxI5G0Bp5TN28PcQJ4(PickerSyncController.java:0)
10-17 05:24:41.476 D/PickerSyncController( 1677): 	at com.android.providers.media.photopicker.PickerSyncController$$ExternalSyntheticLambda1.run(R8$$SyntheticClass:0)
10-17 05:24:41.476 D/PickerSyncController( 1677): 	at android.os.Handler.handleCallback(Handler.java:995)
10-17 05:24:41.476 D/PickerSyncController( 1677): 	at android.os.Handler.dispatchMessage(Handler.java:103)
10-17 05:24:41.476 D/PickerSyncController( 1677): 	at android.os.Looper.loopOnce(Looper.java:248)
10-17 05:24:41.476 D/PickerSyncController( 1677): 	at android.os.Looper.loop(Looper.java:338)
10-17 05:24:41.476 D/PickerSyncController( 1677): 	at android.os.HandlerThread.run(HandlerThread.java:85)
10-17 05:24:41.470 W/binder:4459_2( 4459): type=1400 audit(0.0:186): avc:  denied  { read } for  name="u:object_r:userdebug_or_eng_prop:s0" dev="tmpfs" ino=371 scontext=u:r:untrusted_app:s0:c169,c256,c512,c768 tcontext=u:object_r:userdebug_or_eng_prop:s0 tclass=file permissive=0 app=com.google.android.apps.photos
10-17 05:24:43.091 D/androidtc(  736): Initializing SystemTextClassifier, type = System
10-17 05:24:43.091 I/AiAiTextClassifier( 1695): onCreateTextClassificationSession = TextClassificationSessionId {a232b562-6f8c-418f-b8a3-bc1bf80f80f8}
10-17 05:24:43.094 I/AiAiTranslate( 1695): C2T - not in a conversation
10-17 05:24:43.094 I/ClipboardListener(  995): Clipboard overlay suppressed.
10-17 05:24:43.103 I/ClipboardListener(  995): Clipboard overlay suppressed.
10-17 05:24:43.164 D/FeedViewModel( 5344): Scroll saved: index=97, offset=459
10-17 05:24:43.179 D/FeedViewModel( 5344): Scroll saved: index=97, offset=573
10-17 05:24:43.197 D/FeedViewModel( 5344): Scroll saved: index=100, offset=85
10-17 05:24:43.197 V/FeedViewModel( 5344): Prefetching image at index 101: 61
10-17 05:24:43.197 V/FeedViewModel( 5344): Prefetching image at index 102: 62
10-17 05:24:43.197 V/FeedViewModel( 5344): Prefetching image at index 103: 63
10-17 05:24:43.197 V/FeedViewModel( 5344): Prefetching image at index 104: 64
10-17 05:24:43.197 V/FeedViewModel( 5344): Prefetching image at index 105: 65
10-17 05:24:43.197 V/FeedViewModel( 5344): Prefetching image at index 106: 66
10-17 05:24:43.197 V/FeedViewModel( 5344): Prefetching image at index 107: 67
10-17 05:24:43.197 V/FeedViewModel( 5344): Prefetching image at index 108: 68
10-17 05:24:43.197 V/FeedViewModel( 5344): Prefetching image at index 109: 69
10-17 05:24:43.197 V/FeedViewModel( 5344): Prefetching image at index 110: 70
10-17 05:24:43.213 D/FeedViewModel( 5344): Scroll saved: index=101, offset=365
10-17 05:24:43.214 V/FeedViewModel( 5344): Prefetching image at index 102: 62
10-17 05:24:43.214 V/FeedViewModel( 5344): Prefetching image at index 103: 63
10-17 05:24:43.214 V/FeedViewModel( 5344): Prefetching image at index 104: 64
10-17 05:24:43.214 V/FeedViewModel( 5344): Prefetching image at index 105: 65
10-17 05:24:43.214 V/FeedViewModel( 5344): Prefetching image at index 106: 66
10-17 05:24:43.214 V/FeedViewModel( 5344): Prefetching image at index 107: 67
10-17 05:24:43.214 V/FeedViewModel( 5344): Prefetching image at index 108: 68
10-17 05:24:43.214 V/FeedViewModel( 5344): Prefetching image at index 109: 69
10-17 05:24:43.214 V/FeedViewModel( 5344): Prefetching image at index 110: 70
10-17 05:24:43.214 V/FeedViewModel( 5344): Prefetching image at index 111: 71
10-17 05:24:43.239 D/FeedViewModel( 5344): Scroll saved: index=102, offset=239
10-17 05:24:43.239 V/FeedViewModel( 5344): Prefetching image at index 103: 63
10-17 05:24:43.239 V/FeedViewModel( 5344): Prefetching image at index 104: 64
10-17 05:24:43.239 V/FeedViewModel( 5344): Prefetching image at index 105: 65
10-17 05:24:43.239 V/FeedViewModel( 5344): Prefetching image at index 106: 66
10-17 05:24:43.239 V/FeedViewModel( 5344): Prefetching image at index 107: 67
10-17 05:24:43.239 V/FeedViewModel( 5344): Prefetching image at index 108: 68
10-17 05:24:43.239 V/FeedViewModel( 5344): Prefetching image at index 109: 69
10-17 05:24:43.239 V/FeedViewModel( 5344): Prefetching image at index 110: 70
10-17 05:24:43.239 V/FeedViewModel( 5344): Prefetching image at index 111: 71
10-17 05:24:43.239 V/FeedViewModel( 5344): Prefetching image at index 112: 72
10-17 05:24:43.247 D/FeedViewModel( 5344): Scroll saved: index=102, offset=322
10-17 05:24:43.261 D/FeedViewModel( 5344): Scroll saved: index=103, offset=269
10-17 05:24:43.261 V/FeedViewModel( 5344): Prefetching image at index 104: 64
10-17 05:24:43.261 V/FeedViewModel( 5344): Prefetching image at index 105: 65
10-17 05:24:43.261 V/FeedViewModel( 5344): Prefetching image at index 106: 66
10-17 05:24:43.261 V/FeedViewModel( 5344): Prefetching image at index 107: 67
10-17 05:24:43.261 V/FeedViewModel( 5344): Prefetching image at index 108: 68
10-17 05:24:43.261 V/FeedViewModel( 5344): Prefetching image at index 109: 69
10-17 05:24:43.262 V/FeedViewModel( 5344): Prefetching image at index 110: 70
10-17 05:24:43.262 V/FeedViewModel( 5344): Prefetching image at index 111: 71
10-17 05:24:43.262 V/FeedViewModel( 5344): Prefetching image at index 112: 72
10-17 05:24:43.262 V/FeedViewModel( 5344): Prefetching image at index 113: 73
10-17 05:24:43.278 D/FeedViewModel( 5344): Scroll saved: index=104, offset=114
10-17 05:24:43.278 V/FeedViewModel( 5344): Prefetching image at index 105: 65
10-17 05:24:43.278 V/FeedViewModel( 5344): Prefetching image at index 106: 66
10-17 05:24:43.278 V/FeedViewModel( 5344): Prefetching image at index 107: 67
10-17 05:24:43.278 V/FeedViewModel( 5344): Prefetching image at index 108: 68
10-17 05:24:43.278 V/FeedViewModel( 5344): Prefetching image at index 109: 69
10-17 05:24:43.278 V/FeedViewModel( 5344): Prefetching image at index 110: 70
10-17 05:24:43.278 V/FeedViewModel( 5344): Prefetching image at index 111: 71
10-17 05:24:43.278 V/FeedViewModel( 5344): Prefetching image at index 112: 72
10-17 05:24:43.278 V/FeedViewModel( 5344): Prefetching image at index 113: 73
10-17 05:24:43.278 V/FeedViewModel( 5344): Prefetching image at index 114: 74
10-17 05:24:43.297 D/FeedViewModel( 5344): Scroll saved: index=104, offset=128
10-17 05:24:43.330 D/FeedViewModel( 5344): Scroll saved: index=104, offset=217
10-17 05:24:43.513 W/HWUI    ( 5344): Image decoding logging dropped!
10-17 05:24:43.534 W/HWUI    ( 5344): Image decoding logging dropped!
10-17 05:24:43.536 I/RealImageLoader( 5344): â˜ï¸  Successful (NETWORK) - https://picsum.photos/id/71/400/266
10-17 05:24:43.581 I/RealImageLoader( 5344): â˜ï¸  Successful (NETWORK) - https://picsum.photos/id/72/400/266
10-17 05:24:43.608 W/HWUI    ( 5344): Image decoding logging dropped!
10-17 05:24:43.620 W/HWUI    ( 5344): Image decoding logging dropped!
10-17 05:24:43.623 W/HWUI    ( 5344): Image decoding logging dropped!
10-17 05:24:43.628 I/RealImageLoader( 5344): â˜ï¸  Successful (NETWORK) - https://picsum.photos/id/73/400/266
10-17 05:24:43.628 I/RealImageLoader( 5344): â˜ï¸  Successful (NETWORK) - https://picsum.photos/id/74/400/265
10-17 05:24:43.629 I/RealImageLoader( 5344): â˜ï¸  Successful (NETWORK) - https://picsum.photos/id/75/400/599
10-17 05:24:43.833 W/HWUI    ( 5344): Image decoding logging dropped!
10-17 05:24:43.844 W/HWUI    ( 5344): Image decoding logging dropped!
10-17 05:24:43.869 W/HWUI    ( 5344): Image decoding logging dropped!
10-17 05:24:43.870 I/RealImageLoader( 5344): â˜ï¸  Successful (NETWORK) - https://picsum.photos/id/76/400/265
10-17 05:24:43.870 I/RealImageLoader( 5344): â˜ï¸  Successful (NETWORK) - https://picsum.photos/id/77/400/270
10-17 05:24:43.884 I/RealImageLoader( 5344): â˜ï¸  Successful (NETWORK) - https://picsum.photos/id/78/400/600
10-17 05:24:43.979 D/PerformanceMonitor( 5344): âœ… Frame 480 | Duration: 6ms | Jank Rate: 0.63%
10-17 05:24:44.229 D/ActivityManager(  736): freezing 3938 com.android.vending
10-17 05:24:44.231 D/InetDiagMessage(  736): Destroyed 0 sockets, proto=IPPROTO_TCP, family=AF_INET, states=14
10-17 05:24:44.232 D/InetDiagMessage(  736): Destroyed 0 sockets, proto=IPPROTO_TCP, family=AF_INET6, states=14
10-17 05:24:44.232 D/InetDiagMessage(  736): Destroyed live tcp sockets for uids={10146} in 1ms
10-17 05:24:44.311 D/ActivityManager(  736): freezing 1614 com.google.android.apps.wellbeing
10-17 05:24:44.312 D/InetDiagMessage(  736): Destroyed 0 sockets, proto=IPPROTO_TCP, family=AF_INET, states=14
10-17 05:24:44.312 D/InetDiagMessage(  736): Destroyed 0 sockets, proto=IPPROTO_TCP, family=AF_INET6, states=14
10-17 05:24:44.312 D/InetDiagMessage(  736): Destroyed live tcp sockets for uids={10147} in 1ms
10-17 05:24:44.795 D/FeedViewModel( 5344): Scroll saved: index=104, offset=310
10-17 05:24:44.811 D/FeedViewModel( 5344): Scroll saved: index=106, offset=200
10-17 05:24:44.812 V/FeedViewModel( 5344): Prefetching image at index 107: 67
10-17 05:24:44.812 V/FeedViewModel( 5344): Prefetching image at index 108: 68
10-17 05:24:44.812 V/FeedViewModel( 5344): Prefetching image at index 109: 69
10-17 05:24:44.812 V/FeedViewModel( 5344): Prefetching image at index 110: 70
10-17 05:24:44.812 V/FeedViewModel( 5344): Prefetching image at index 111: 71
10-17 05:24:44.812 V/FeedViewModel( 5344): Prefetching image at index 112: 72
10-17 05:24:44.812 V/FeedViewModel( 5344): Prefetching image at index 113: 73
10-17 05:24:44.812 V/FeedViewModel( 5344): Prefetching image at index 114: 74
10-17 05:24:44.812 V/FeedViewModel( 5344): Prefetching image at index 115: 75
10-17 05:24:44.812 V/FeedViewModel( 5344): Prefetching image at index 116: 76
10-17 05:24:44.829 D/FeedViewModel( 5344): Scroll saved: index=106, offset=337
10-17 05:24:44.846 D/FeedViewModel( 5344): Scroll saved: index=107, offset=404
10-17 05:24:44.846 V/FeedViewModel( 5344): Prefetching image at index 108: 68
10-17 05:24:44.846 V/FeedViewModel( 5344): Prefetching image at index 109: 69
10-17 05:24:44.846 V/FeedViewModel( 5344): Prefetching image at index 110: 70
10-17 05:24:44.846 V/FeedViewModel( 5344): Prefetching image at index 111: 71
10-17 05:24:44.846 V/FeedViewModel( 5344): Prefetching image at index 112: 72
10-17 05:24:44.846 V/FeedViewModel( 5344): Prefetching image at index 113: 73
10-17 05:24:44.846 V/FeedViewModel( 5344): Prefetching image at index 114: 74
10-17 05:24:44.846 V/FeedViewModel( 5344): Prefetching image at index 115: 75
10-17 05:24:44.846 V/FeedViewModel( 5344): Prefetching image at index 116: 76
10-17 05:24:44.846 V/FeedViewModel( 5344): Prefetching image at index 117: 77
10-17 05:24:44.866 D/FeedViewModel( 5344): Scroll saved: index=107, offset=558
10-17 05:24:44.877 D/FeedViewModel( 5344): Scroll saved: index=107, offset=603
10-17 05:24:44.895 D/FeedViewModel( 5344): Scroll saved: index=107, offset=666
10-17 05:24:44.913 D/FeedViewModel( 5344): Scroll saved: index=109, offset=93
10-17 05:24:44.913 V/FeedViewModel( 5344): Prefetching image at index 110: 70
10-17 05:24:44.913 V/FeedViewModel( 5344): Prefetching image at index 111: 71
10-17 05:24:44.913 V/FeedViewModel( 5344): Prefetching image at index 112: 72
10-17 05:24:44.913 V/FeedViewModel( 5344): Prefetching image at index 113: 73
10-17 05:24:44.913 V/FeedViewModel( 5344): Prefetching image at index 114: 74
10-17 05:24:44.913 V/FeedViewModel( 5344): Prefetching image at index 115: 75
10-17 05:24:44.913 V/FeedViewModel( 5344): Prefetching image at index 116: 76
10-17 05:24:44.913 V/FeedViewModel( 5344): Prefetching image at index 117: 77
10-17 05:24:44.913 V/FeedViewModel( 5344): Prefetching image at index 118: 78
10-17 05:24:44.913 V/FeedViewModel( 5344): Prefetching image at index 119: 79
10-17 05:24:44.930 D/FeedViewModel( 5344): Scroll saved: index=109, offset=208
10-17 05:24:44.947 D/FeedViewModel( 5344): Scroll saved: index=109, offset=289
10-17 05:24:44.962 D/FeedViewModel( 5344): Scroll saved: index=109, offset=353
10-17 05:24:44.978 D/FeedViewModel( 5344): Scroll saved: index=110, offset=330
10-17 05:24:44.978 V/FeedViewModel( 5344): Prefetching image at index 111: 71
10-17 05:24:44.978 V/FeedViewModel( 5344): Prefetching image at index 112: 72
10-17 05:24:44.978 V/FeedViewModel( 5344): Prefetching image at index 113: 73
10-17 05:24:44.978 V/FeedViewModel( 5344): Prefetching image at index 114: 74
10-17 05:24:44.978 V/FeedViewModel( 5344): Prefetching image at index 115: 75
10-17 05:24:44.978 V/FeedViewModel( 5344): Prefetching image at index 116: 76
10-17 05:24:44.978 V/FeedViewModel( 5344): Prefetching image at index 117: 77
10-17 05:24:44.978 V/FeedViewModel( 5344): Prefetching image at index 118: 78
10-17 05:24:44.978 V/FeedViewModel( 5344): Prefetching image at index 119: 79
10-17 05:24:44.978 V/FeedViewModel( 5344): Prefetching image at index 120: 80
10-17 05:24:44.996 D/FeedViewModel( 5344): Scroll saved: index=111, offset=147
10-17 05:24:44.996 V/FeedViewModel( 5344): Prefetching image at index 112: 72
10-17 05:24:44.996 V/FeedViewModel( 5344): Prefetching image at index 113: 73
10-17 05:24:44.996 V/FeedViewModel( 5344): Prefetching image at index 114: 74
10-17 05:24:44.996 V/FeedViewModel( 5344): Prefetching image at index 115: 75
10-17 05:24:44.996 V/FeedViewModel( 5344): Prefetching image at index 116: 76
10-17 05:24:44.996 V/FeedViewModel( 5344): Prefetching image at index 117: 77
10-17 05:24:44.996 V/FeedViewModel( 5344): Prefetching image at index 118: 78
10-17 05:24:44.996 V/FeedViewModel( 5344): Prefetching image at index 119: 79
10-17 05:24:44.996 V/FeedViewModel( 5344): Prefetching image at index 120: 80
10-17 05:24:44.996 V/FeedViewModel( 5344): Prefetching image at index 121: 81
10-17 05:24:45.012 D/FeedViewModel( 5344): Scroll saved: index=111, offset=197
10-17 05:24:45.031 D/FeedViewModel( 5344): Scroll saved: index=111, offset=269
10-17 05:24:45.044 D/FeedViewModel( 5344): Scroll saved: index=111, offset=303
10-17 05:24:45.062 D/FeedViewModel( 5344): Scroll saved: index=111, offset=350
10-17 05:24:45.078 D/FeedViewModel( 5344): Scroll saved: index=112, offset=292
10-17 05:24:45.078 V/FeedViewModel( 5344): Prefetching image at index 113: 73
10-17 05:24:45.078 V/FeedViewModel( 5344): Prefetching image at index 114: 74
10-17 05:24:45.078 V/FeedViewModel( 5344): Prefetching image at index 115: 75
10-17 05:24:45.078 V/FeedViewModel( 5344): Prefetching image at index 116: 76
10-17 05:24:45.078 V/FeedViewModel( 5344): Prefetching image at index 117: 77
10-17 05:24:45.078 V/FeedViewModel( 5344): Prefetching image at index 118: 78
10-17 05:24:45.078 V/FeedViewModel( 5344): Prefetching image at index 119: 79
10-17 05:24:45.078 V/FeedViewModel( 5344): Prefetching image at index 120: 80
10-17 05:24:45.078 V/FeedViewModel( 5344): Prefetching image at index 121: 81
10-17 05:24:45.078 V/FeedViewModel( 5344): Prefetching image at index 122: 82
10-17 05:24:45.104 D/FeedViewModel( 5344): Scroll saved: index=111, offset=357
10-17 05:24:45.105 V/FeedViewModel( 5344): Prefetching image at index 112: 72
10-17 05:24:45.105 V/FeedViewModel( 5344): Prefetching image at index 113: 73
10-17 05:24:45.105 V/FeedViewModel( 5344): Prefetching image at index 114: 74
10-17 05:24:45.105 V/FeedViewModel( 5344): Prefetching image at index 115: 75
10-17 05:24:45.105 V/FeedViewModel( 5344): Prefetching image at index 116: 76
10-17 05:24:45.105 V/FeedViewModel( 5344): Prefetching image at index 117: 77
10-17 05:24:45.105 V/FeedViewModel( 5344): Prefetching image at index 118: 78
10-17 05:24:45.105 V/FeedViewModel( 5344): Prefetching image at index 119: 79
10-17 05:24:45.105 V/FeedViewModel( 5344): Prefetching image at index 120: 80
10-17 05:24:45.105 V/FeedViewModel( 5344): Prefetching image at index 121: 81
10-17 05:24:45.115 D/FeedViewModel( 5344): Scroll saved: index=112, offset=355
10-17 05:24:45.115 V/FeedViewModel( 5344): Prefetching image at index 113: 73
10-17 05:24:45.115 V/FeedViewModel( 5344): Prefetching image at index 114: 74
10-17 05:24:45.115 V/FeedViewModel( 5344): Prefetching image at index 115: 75
10-17 05:24:45.115 V/FeedViewModel( 5344): Prefetching image at index 116: 76
10-17 05:24:45.115 V/FeedViewModel( 5344): Prefetching image at index 117: 77
10-17 05:24:45.115 V/FeedViewModel( 5344): Prefetching image at index 118: 78
10-17 05:24:45.115 V/FeedViewModel( 5344): Prefetching image at index 119: 79
10-17 05:24:45.115 V/FeedViewModel( 5344): Prefetching image at index 120: 80
10-17 05:24:45.115 V/FeedViewModel( 5344): Prefetching image at index 121: 81
10-17 05:24:45.115 V/FeedViewModel( 5344): Prefetching image at index 122: 82
10-17 05:24:45.117 I/RealImageLoader( 5344): ðŸ—  Cancelled - https://picsum.photos/id/83/400/300
10-17 05:24:45.118 I/RealImageLoader( 5344): ðŸ—  Cancelled - https://picsum.photos/id/82/400/265
10-17 05:24:45.138 D/FeedViewModel( 5344): Scroll saved: index=113, offset=201
10-17 05:24:45.138 V/FeedViewModel( 5344): Prefetching image at index 114: 74
10-17 05:24:45.138 V/FeedViewModel( 5344): Prefetching image at index 115: 75
10-17 05:24:45.138 V/FeedViewModel( 5344): Prefetching image at index 116: 76
10-17 05:24:45.138 V/FeedViewModel( 5344): Prefetching image at index 117: 77
10-17 05:24:45.138 V/FeedViewModel( 5344): Prefetching image at index 118: 78
10-17 05:24:45.138 V/FeedViewModel( 5344): Prefetching image at index 119: 79
10-17 05:24:45.138 V/FeedViewModel( 5344): Prefetching image at index 120: 80
10-17 05:24:45.138 V/FeedViewModel( 5344): Prefetching image at index 121: 81
10-17 05:24:45.138 V/FeedViewModel( 5344): Prefetching image at index 122: 82
10-17 05:24:45.138 V/FeedViewModel( 5344): Prefetching image at index 123: 83
10-17 05:24:45.164 D/FeedViewModel( 5344): Scroll saved: index=113, offset=257
10-17 05:24:45.178 D/FeedViewModel( 5344): Scroll saved: index=114, offset=342
10-17 05:24:45.178 V/FeedViewModel( 5344): Prefetching image at index 115: 75
10-17 05:24:45.178 V/FeedViewModel( 5344): Prefetching image at index 116: 76
10-17 05:24:45.179 V/FeedViewModel( 5344): Prefetching image at index 117: 77
10-17 05:24:45.179 V/FeedViewModel( 5344): Prefetching image at index 118: 78
10-17 05:24:45.179 V/FeedViewModel( 5344): Prefetching image at index 119: 79
10-17 05:24:45.179 V/FeedViewModel( 5344): Prefetching image at index 120: 80
10-17 05:24:45.179 V/FeedViewModel( 5344): Prefetching image at index 121: 81
10-17 05:24:45.179 V/FeedViewModel( 5344): Prefetching image at index 122: 82
10-17 05:24:45.179 V/FeedViewModel( 5344): Prefetching image at index 123: 83
10-17 05:24:45.179 V/FeedViewModel( 5344): Prefetching image at index 124: 84
10-17 05:24:45.206 W/HWUI    ( 5344): Image decoding logging dropped!
10-17 05:24:45.208 I/RealImageLoader( 5344): â˜ï¸  Successful (NETWORK) - https://picsum.photos/id/79/400/602
10-17 05:24:45.214 W/HWUI    ( 5344): Image decoding logging dropped!
10-17 05:24:45.223 I/RealImageLoader( 5344): â˜ï¸  Successful (NETWORK) - https://picsum.photos/id/80/400/266
10-17 05:24:45.227 W/HWUI    ( 5344): Image decoding logging dropped!
10-17 05:24:45.233 I/RealImageLoader( 5344): â˜ï¸  Successful (NETWORK) - https://picsum.photos/id/81/400/260
10-17 05:24:45.439 W/HWUI    ( 5344): Image decoding logging dropped!
10-17 05:24:45.440 I/RealImageLoader( 5344): â˜ï¸  Successful (NETWORK) - https://picsum.photos/id/82/400/265
10-17 05:24:45.466 W/HWUI    ( 5344): Image decoding logging dropped!
10-17 05:24:45.467 I/RealImageLoader( 5344): â˜ï¸  Successful (NETWORK) - https://picsum.photos/id/83/400/300
10-17 05:24:45.518 W/HWUI    ( 5344): Image decoding logging dropped!
10-17 05:24:45.519 I/RealImageLoader( 5344): â˜ï¸  Successful (NETWORK) - https://picsum.photos/id/84/400/265
10-17 05:24:45.542 W/HWUI    ( 5344): Image decoding logging dropped!
10-17 05:24:45.547 I/RealImageLoader( 5344): â˜ï¸  Successful (NETWORK) - https://picsum.photos/id/85/400/241
10-17 05:24:45.578 D/PerformanceMonitor( 5344): âœ… Frame 540 | Duration: 3ms | Jank Rate: 0.56%
10-17 05:24:46.679 D/FeedViewModel( 5344): Scroll saved: index=115, offset=259
10-17 05:24:46.680 V/FeedViewModel( 5344): Prefetching image at index 116: 76
10-17 05:24:46.680 V/FeedViewModel( 5344): Prefetching image at index 117: 77
10-17 05:24:46.680 V/FeedViewModel( 5344): Prefetching image at index 118: 78
10-17 05:24:46.680 V/FeedViewModel( 5344): Prefetching image at index 119: 79
10-17 05:24:46.680 V/FeedViewModel( 5344): Prefetching image at index 120: 80
10-17 05:24:46.680 V/FeedViewModel( 5344): Prefetching image at index 121: 81
10-17 05:24:46.680 V/FeedViewModel( 5344): Prefetching image at index 122: 82
10-17 05:24:46.680 V/FeedViewModel( 5344): Prefetching image at index 123: 83
10-17 05:24:46.680 V/FeedViewModel( 5344): Prefetching image at index 124: 84
10-17 05:24:46.680 V/FeedViewModel( 5344): Prefetching image at index 125: 85
10-17 05:24:46.710 D/FeedViewModel( 5344): Scroll saved: index=118, offset=188
10-17 05:24:46.711 V/FeedViewModel( 5344): Prefetching image at index 119: 79
10-17 05:24:46.711 V/FeedViewModel( 5344): Prefetching image at index 120: 80
10-17 05:24:46.711 V/FeedViewModel( 5344): Prefetching image at index 121: 81
10-17 05:24:46.711 V/FeedViewModel( 5344): Prefetching image at index 122: 82
10-17 05:24:46.711 V/FeedViewModel( 5344): Prefetching image at index 123: 83
10-17 05:24:46.711 V/FeedViewModel( 5344): Prefetching image at index 124: 84
10-17 05:24:46.711 V/FeedViewModel( 5344): Prefetching image at index 125: 85
10-17 05:24:46.712 V/FeedViewModel( 5344): Prefetching image at index 126: 87
10-17 05:24:46.712 V/FeedViewModel( 5344): Prefetching image at index 127: 88
10-17 05:24:46.712 V/FeedViewModel( 5344): Prefetching image at index 128: 89
10-17 05:24:46.748 D/FeedViewModel( 5344): Scroll saved: index=122, offset=55
10-17 05:24:46.748 V/FeedViewModel( 5344): Prefetching image at index 123: 83
10-17 05:24:46.748 V/FeedViewModel( 5344): Prefetching image at index 124: 84
10-17 05:24:46.748 V/FeedViewModel( 5344): Prefetching image at index 125: 85
10-17 05:24:46.748 V/FeedViewModel( 5344): Prefetching image at index 126: 87
10-17 05:24:46.748 V/FeedViewModel( 5344): Prefetching image at index 127: 88
10-17 05:24:46.748 V/FeedViewModel( 5344): Prefetching image at index 128: 89
10-17 05:24:46.748 V/FeedViewModel( 5344): Prefetching image at index 129: 90
10-17 05:24:46.748 V/FeedViewModel( 5344): Prefetching image at index 130: 91
10-17 05:24:46.748 V/FeedViewModel( 5344): Prefetching image at index 131: 92
10-17 05:24:46.748 V/FeedViewModel( 5344): Prefetching image at index 132: 93
10-17 05:24:46.780 D/FeedViewModel( 5344): Scroll saved: index=123, offset=398
10-17 05:24:46.781 V/FeedViewModel( 5344): Prefetching image at index 124: 84
10-17 05:24:46.781 V/FeedViewModel( 5344): Prefetching image at index 125: 85
10-17 05:24:46.781 V/FeedViewModel( 5344): Prefetching image at index 126: 87
10-17 05:24:46.781 V/FeedViewModel( 5344): Prefetching image at index 127: 88
10-17 05:24:46.781 V/FeedViewModel( 5344): Prefetching image at index 128: 89
10-17 05:24:46.781 V/FeedViewModel( 5344): Prefetching image at index 129: 90
10-17 05:24:46.781 V/FeedViewModel( 5344): Prefetching image at index 130: 91
10-17 05:24:46.781 V/FeedViewModel( 5344): Prefetching image at index 131: 92
10-17 05:24:46.781 V/FeedViewModel( 5344): Prefetching image at index 132: 93
10-17 05:24:46.781 V/FeedViewModel( 5344): Prefetching image at index 133: 94
10-17 05:24:47.077 W/HWUI    ( 5344): Image decoding logging dropped!
10-17 05:24:47.092 W/HWUI    ( 5344): Image decoding logging dropped!
10-17 05:24:47.108 W/HWUI    ( 5344): Image decoding logging dropped!
10-17 05:24:47.123 I/RealImageLoader( 5344): â˜ï¸  Successful (NETWORK) - https://picsum.photos/id/90/400/265
10-17 05:24:47.123 W/HWUI    ( 5344): Image decoding logging dropped!
10-17 05:24:47.126 W/HWUI    ( 5344): Image decoding logging dropped!
10-17 05:24:47.131 I/RealImageLoader( 5344): â˜ï¸  Successful (NETWORK) - https://picsum.photos/id/91/400/266
10-17 05:24:47.131 I/RealImageLoader( 5344): â˜ï¸  Successful (NETWORK) - https://picsum.photos/id/88/400/533
10-17 05:24:47.132 I/RealImageLoader( 5344): â˜ï¸  Successful (NETWORK) - https://picsum.photos/id/89/400/225
10-17 05:24:47.145 I/RealImageLoader( 5344): â˜ï¸  Successful (NETWORK) - https://picsum.photos/id/87/400/300
10-17 05:24:47.346 W/HWUI    ( 5344): Image decoding logging dropped!
10-17 05:24:47.373 W/HWUI    ( 5344): Image decoding logging dropped!
10-17 05:24:47.378 I/RealImageLoader( 5344): â˜ï¸  Successful (NETWORK) - https://picsum.photos/id/92/400/265
10-17 05:24:47.378 W/HWUI    ( 5344): Image decoding logging dropped!
10-17 05:24:47.390 W/HWUI    ( 5344): Image decoding logging dropped!
10-17 05:24:47.406 W/HWUI    ( 5344): Image decoding logging dropped!
10-17 05:24:47.406 I/RealImageLoader( 5344): â˜ï¸  Successful (NETWORK) - https://picsum.photos/id/93/400/266
10-17 05:24:47.407 I/RealImageLoader( 5344): â˜ï¸  Successful (NETWORK) - https://picsum.photos/id/94/400/225
10-17 05:24:47.408 I/RealImageLoader( 5344): â˜ï¸  Successful (NETWORK) - https://picsum.photos/id/96/400/266
10-17 05:24:47.413 I/RealImageLoader( 5344): â˜ï¸  Successful (NETWORK) - https://picsum.photos/id/95/400/400
10-17 05:24:47.494 D/OomAdjuster(  736): Not killing cached processes
10-17 05:24:47.543 D/PerformanceMonitor( 5344): âœ… Frame 600 | Duration: 1ms | Jank Rate: 0.50%
10-17 05:24:47.648 W/HWUI    ( 5344): Image decoding logging dropped!
10-17 05:24:47.672 W/HWUI    ( 5344): Image decoding logging dropped!
10-17 05:24:47.674 I/RealImageLoader( 5344): â˜ï¸  Successful (NETWORK) - https://picsum.photos/id/98/400/266
10-17 05:24:47.679 I/RealImageLoader( 5344): â˜ï¸  Successful (NETWORK) - https://picsum.photos/id/99/400/265
10-17 05:24:47.997 D/ActivityManager(  736): freezing 3936 com.android.keychain
10-17 05:24:48.474 D/SatelliteController( 1145): iisInCarrierRoamingNbIotNtn: satellite is disabled
10-17 05:24:49.416 D/FeedViewModel( 5344): Scroll saved: index=126, offset=39
10-17 05:24:49.416 V/FeedViewModel( 5344): Prefetching image at index 127: 88
10-17 05:24:49.416 V/FeedViewModel( 5344): Prefetching image at index 128: 89
10-17 05:24:49.416 V/FeedViewModel( 5344): Prefetching image at index 129: 90
10-17 05:24:49.416 V/FeedViewModel( 5344): Prefetching image at index 130: 91
10-17 05:24:49.416 V/FeedViewModel( 5344): Prefetching image at index 131: 92
10-17 05:24:49.416 V/FeedViewModel( 5344): Prefetching image at index 132: 93
10-17 05:24:49.416 V/FeedViewModel( 5344): Prefetching image at index 133: 94
10-17 05:24:49.416 V/FeedViewModel( 5344): Prefetching image at index 134: 95
10-17 05:24:49.416 V/FeedViewModel( 5344): Prefetching image at index 135: 96
10-17 05:24:49.416 V/FeedViewModel( 5344): Prefetching image at index 136: 98
10-17 05:24:49.439 D/FeedViewModel( 5344): Scroll saved: index=127, offset=575
10-17 05:24:49.440 V/FeedViewModel( 5344): Prefetching image at index 128: 89
10-17 05:24:49.440 V/FeedViewModel( 5344): Prefetching image at index 129: 90
10-17 05:24:49.440 V/FeedViewModel( 5344): Prefetching image at index 130: 91
10-17 05:24:49.440 V/FeedViewModel( 5344): Prefetching image at index 131: 92
10-17 05:24:49.440 V/FeedViewModel( 5344): Prefetching image at index 132: 93
10-17 05:24:49.440 V/FeedViewModel( 5344): Prefetching image at index 133: 94
10-17 05:24:49.440 V/FeedViewModel( 5344): Prefetching image at index 134: 95
10-17 05:24:49.440 V/FeedViewModel( 5344): Prefetching image at index 135: 96
10-17 05:24:49.440 V/FeedViewModel( 5344): Prefetching image at index 136: 98
10-17 05:24:49.440 V/FeedViewModel( 5344): Prefetching image at index 137: 99
10-17 05:24:49.471 D/FeedViewModel( 5344): Scroll saved: index=133, offset=87
10-17 05:24:49.472 V/FeedViewModel( 5344): Prefetching image at index 134: 95
10-17 05:24:49.472 V/FeedViewModel( 5344): Prefetching image at index 135: 96
10-17 05:24:49.472 V/FeedViewModel( 5344): Prefetching image at index 136: 98
10-17 05:24:49.472 V/FeedViewModel( 5344): Prefetching image at index 137: 99
10-17 05:24:49.472 V/FeedViewModel( 5344): Prefetching image at index 138: 100
10-17 05:24:49.472 V/FeedViewModel( 5344): Prefetching image at index 139: 101
10-17 05:24:49.472 V/FeedViewModel( 5344): Prefetching image at index 140: 102
10-17 05:24:49.472 V/FeedViewModel( 5344): Prefetching image at index 141: 103
10-17 05:24:49.472 V/FeedViewModel( 5344): Prefetching image at index 142: 104
10-17 05:24:49.472 V/FeedViewModel( 5344): Prefetching image at index 143: 106
10-17 05:24:49.804 W/HWUI    ( 5344): Image decoding logging dropped!
10-17 05:24:49.901 W/HWUI    ( 5344): Image decoding logging dropped!
10-17 05:24:49.907 W/HWUI    ( 5344): Image decoding logging dropped!
10-17 05:24:49.922 I/RealImageLoader( 5344): â˜ï¸  Successful (NETWORK) - https://picsum.photos/id/101/400/266
10-17 05:24:49.923 I/RealImageLoader( 5344): â˜ï¸  Successful (NETWORK) - https://picsum.photos/id/100/400/264
10-17 05:24:49.923 I/RealImageLoader( 5344): â˜ï¸  Successful (NETWORK) - https://picsum.photos/id/102/400/300
10-17 05:24:49.927 W/HWUI    ( 5344): Image decoding logging dropped!
10-17 05:24:49.957 W/HWUI    ( 5344): Image decoding logging dropped!
10-17 05:24:49.961 I/RealImageLoader( 5344): â˜ï¸  Successful (NETWORK) - https://picsum.photos/id/103/400/298
10-17 05:24:49.962 I/RealImageLoader( 5344): â˜ï¸  Successful (NETWORK) - https://picsum.photos/id/104/400/225
10-17 05:24:50.053 W/HWUI    ( 5344): Image decoding logging dropped!
10-17 05:24:50.067 I/RealImageLoader( 5344): â˜ï¸  Successful (NETWORK) - https://picsum.photos/id/106/400/266
10-17 05:24:50.203 W/HWUI    ( 5344): Image decoding logging dropped!
10-17 05:24:50.226 W/HWUI    ( 5344): Image decoding logging dropped!
10-17 05:24:50.243 I/RealImageLoader( 5344): â˜ï¸  Successful (NETWORK) - https://picsum.photos/id/110/400/266
10-17 05:24:50.246 W/HWUI    ( 5344): Image decoding logging dropped!
10-17 05:24:50.254 W/HWUI    ( 5344): Image decoding logging dropped!
10-17 05:24:50.256 I/RealImageLoader( 5344): â˜ï¸  Successful (NETWORK) - https://picsum.photos/id/107/400/266
10-17 05:24:50.258 I/RealImageLoader( 5344): â˜ï¸  Successful (NETWORK) - https://picsum.photos/id/108/400/266
10-17 05:24:50.258 I/RealImageLoader( 5344): â˜ï¸  Successful (NETWORK) - https://picsum.photos/id/109/400/223
10-17 05:24:50.411 D/PerformanceMonitor( 5344): âœ… Frame 660 | Duration: 1ms | Jank Rate: 0.45%
10-17 05:24:50.462 D/FeedViewModel( 5344): Scroll saved: index=133, offset=157
10-17 05:24:50.487 D/FeedViewModel( 5344): Scroll saved: index=135, offset=313
10-17 05:24:50.487 V/FeedViewModel( 5344): Prefetching image at index 136: 98
10-17 05:24:50.487 V/FeedViewModel( 5344): Prefetching image at index 137: 99
10-17 05:24:50.487 V/FeedViewModel( 5344): Prefetching image at index 138: 100
10-17 05:24:50.487 V/FeedViewModel( 5344): Prefetching image at index 139: 101
10-17 05:24:50.487 V/FeedViewModel( 5344): Prefetching image at index 140: 102
10-17 05:24:50.487 V/FeedViewModel( 5344): Prefetching image at index 141: 103
10-17 05:24:50.487 V/FeedViewModel( 5344): Prefetching image at index 142: 104
10-17 05:24:50.487 V/FeedViewModel( 5344): Prefetching image at index 143: 106
10-17 05:24:50.487 V/FeedViewModel( 5344): Prefetching image at index 144: 107
10-17 05:24:50.487 V/FeedViewModel( 5344): Prefetching image at index 145: 108
10-17 05:24:50.519 D/FeedViewModel( 5344): Scroll saved: index=139, offset=329
10-17 05:24:50.519 V/FeedViewModel( 5344): Prefetching image at index 140: 102
10-17 05:24:50.519 V/FeedViewModel( 5344): Prefetching image at index 141: 103
10-17 05:24:50.519 V/FeedViewModel( 5344): Prefetching image at index 142: 104
10-17 05:24:50.519 V/FeedViewModel( 5344): Prefetching image at index 143: 106
10-17 05:24:50.519 V/FeedViewModel( 5344): Prefetching image at index 144: 107
10-17 05:24:50.519 V/FeedViewModel( 5344): Prefetching image at index 145: 108
10-17 05:24:50.519 V/FeedViewModel( 5344): Prefetching image at index 146: 109
